// --- Generated Inspire Code ---
#include <alloca.h>
#include <stddef.h>
#include <runtime.h>
#define bool int
#define true 1
#define false 0
#define null 0

// start code fragment :: Prototype for external function: printf ... type: ((ref<array<char,1>>,var_list)->int<4>) //
int printf(char*, ...);

// start code fragment :: Definition of main ... type: (()->int<4>) //
int main(){
	double x = 0.0;
	double y = 0.0;
	((x) = 12.123);
	((y) = (x));
	printf("Before: %f\n", (y));
	((y) = ((double)(((int)((x))))));
	printf("After: %f\n", (y));
	int k = 2;
	printf("Double: %f\n", (((double)((k)))*(x)));
}
static int main_wrap(void* _closure) { return main(); }
