digraph G {
0[shape=diamond,label="ENTRY"];
1[shape=diamond,label="EXIT"];
2[shape=diamond,label="ENTRY"];
3[shape=diamond,label="EXIT"];
4[shape=box,label="[B4]\l0: int.add(..., 1000)\lT: RETURN\l"];
6[shape=diamond,label="ENTRY"];
7[shape=diamond,label="EXIT"];
8[shape=box,label="[B8]\l0: int.sub(v5, 1)\lT: RETURN\l"];
10[shape=box,label="CALL"];
11[shape=box,label="RET"];
12[shape=box,label="[B12]\l0: int.add(v3, v4)\l"];
13[shape=box,label="[B13]\lT: RETURN\l"];
14[shape=box,label="CALL"];
15[shape=box,label="RET"];
4->3 [label=""];
8->7 [label=""];
6->8 [label=""];
10->6 [label=""];
7->11 [label=""];
11->4 [label="0"];
12->10 [label="0"];
2->12 [label=""];
13->1 [label=""];
14->2 [label=""];
3->15 [label=""];
15->13 [label=""];
0->14 [label=""];
}
