// -------------- Pretty Print Inspire --------------
// Inspire Program 
//  Entry Point: 
fun(int<4> v6, ref<array<array<char,1>,1>> v7){
        printf(string.as.char.pointer("res=%d\n"), varlist.pack((fun(int<4> v3, int<4> v4){
            return fun(int<4> v1){
                return v1-1;
            }(v3+v4)+1000;
        }(v6, v6))));
    }




// --------- Pretty Print Inspire - Detail ----------
// Inspire Program 
//  Entry Point: 
fun(int<4> v6, ref<array<array<char,1>,1>> v7){
        printf(string.as.char.pointer("res=%d\n"), varlist.pack((fun(int<4> v3, int<4> v4){
            return (fun(int<4> v1){
                return (v1-1);
            }((v3+v4))+1000);
        }(v6, v6))));
    }

