// --- Generated Inspire Code ---
#include <alloca.h>
#include <stddef.h>
#include <stdlib.h>
#include <runtime.h>
#define bool int
#define true 1
#define false 0
#define null 0
// --- Entry Point ---

// start code fragment :: Prototype for external function: array.ref.elem.1D //
<?>'elem</?> array.ref.elem.1D(<?>'elem</?>*, unsigned long);

// start code fragment :: Definition of f //
int f(int* a) {
	{
		return ((*array.ref.elem.1D(a, 0))++);;
	}
}


// start code fragment :: Prototype for external function: printf //
int printf(char*, ...);

// start code fragment :: Definition of main //
int main(int argc, char** argv) {
	{
		int var_6 = argc;
		{
			int a = 0;
			f(&a);
			f(&var_6);
			printf("%d\n", (var_6));((var_6) = (a));
			printf("%d\n", (var_6));
		};
	}
}

