// -------------- Pretty Print Inspire --------------
// Inspire Program 
//  Entry Point: 
fun(){
        decl ref<int<4>> v1 =  var(0);
        merge(parallel(job([1-inf]){
            default: [v1]fun[ref<int<4>> v4](){
                int.postInc(v4);
                barrier(getThreadGroup(0));
                printf("i: %d\n", varlist.pack((v4)));
            }
        }));
    }




// --------- Pretty Print Inspire - Detail ----------
// Inspire Program 
//  Entry Point: 
fun(){
        decl ref<int<4>> v1 = ( var(0));
        merge(parallel(job(([1-inf])){
            default: [v1]fun[ref<int<4>> v4](){
                int.postInc(v4);
                barrier(getThreadGroup(0));
                printf("i: %d\n", varlist.pack((( *v4))));
            }
        }));
    }

