// -------------- Pretty Print Inspire --------------
// Inspire Program 
//  Entry Point: 
fun(int<4> v1, ref<array<array<char,1>,1>> v2){
        decl ref<int<8>> v3 =  var(0);
        decl ref<int<8>> v4 =  var(0);
        decl ref<real<8>> v5 =  var(0.0);
        decl ref<real<8>> v6 =  var(0.0);
        v3 := clock();
        decl ref<vector<vector<real<4>,650>,650>> v7 =  var(undefined(type<vector<vector<real<4>,650>,650>>));
        decl ref<vector<vector<real<4>,650>,650>> v8 =  var(undefined(type<vector<vector<real<4>,650>,650>>));
        decl ref<vector<vector<real<4>,650>,650>> v9 =  var(undefined(type<vector<vector<real<4>,650>,650>>));
        decl ref<vector<vector<real<4>,650>,650>> v10 =  var(undefined(type<vector<vector<real<4>,650>,650>>));
        memset(ref.to.anyref(v7), 0, 650*650);
        memset(ref.to.anyref(v9), 0, 650*650);
        for(decl int<4> v17 = 0 .. 650 : 1) 
            for(decl int<4> v16 = 0 .. 650 : 1) 
                vector.ref.elem(vector.ref.elem(v9, v17), v16) := fun(int<4> v13, int<4> v14){
                    return 40*sin(16*2*v13-1*v14);
                }(v17, v16)
            
        ;
        decl ref<real<8>> v18 =  var(0);
        decl ref<real<8>> v19 =  var(0);
        decl ref<real<8>> v20 =  var(0);
        decl ref<real<8>> v21 =  var(0.0);
        decl ref<real<8>> v22 =  var(pow(1/650, 2));
        v4 := clock();
        v5 := v4-v3/1000000l;
        v3 := clock();
        for(decl int<4> v37 = 0 .. 10 : 1) {
            for(decl int<4> v26 = 1 .. 650-1 : 1) {
                for(decl int<4> v25 = 1 .. 650-1 : 1) 
                    vector.ref.elem(vector.ref.elem(v8, v26), v25) := 1/4*vector.ref.elem(vector.ref.elem(v7, v26-1), v25)+vector.ref.elem(vector.ref.elem(v7, v26), v25+1)+vector.ref.elem(vector.ref.elem(v7, v26), v25-1)+vector.ref.elem(vector.ref.elem(v7, v26+1), v25)-v22*vector.ref.elem(vector.ref.elem(v9, v26), v25)
                ;
            };
            memcpy(ref.to.anyref(v7), ref.to.anyref(v8), 650*650);
            for(decl int<4> v30 = 1 .. 650-1 : 1) {
                for(decl int<4> v29 = 1 .. 650-1 : 1) 
                    vector.ref.elem(vector.ref.elem(v10, v30), v29) := vector.ref.elem(vector.ref.elem(v9, v30), v29)-4*vector.ref.elem(vector.ref.elem(v7, v30), v29)+vector.ref.elem(vector.ref.elem(v7, v30-1), v29)+vector.ref.elem(vector.ref.elem(v7, v30+1), v29)+vector.ref.elem(vector.ref.elem(v7, v30), v29-1)+vector.ref.elem(vector.ref.elem(v7, v30), v29+1)
                ;
            };
            decl ref<real<8>> v31 =  var(0);
            for(decl int<4> v35 = 1 .. 650-1 : 1) {
                for(decl int<4> v34 = 1 .. 650-1 : 1) 
                    v31 := v31+pow(vector.ref.elem(vector.ref.elem(v10, v35), v34), 2)
                ;
            };
            v21 := sqrt(v31)/650-1;
        };
        v4 := clock();
        v6 := v4-v3/1000000l;
    }




// --------- Pretty Print Inspire - Detail ----------
// Inspire Program 
//  Entry Point: 
fun(int<4> v1, ref<array<array<char,1>,1>> v2){
        decl ref<int<8>> v3 = ( var(0));
        decl ref<int<8>> v4 = ( var(0));
        decl ref<real<8>> v5 = ( var(0.0));
        decl ref<real<8>> v6 = ( var(0.0));
        (v3 := clock());
        decl ref<vector<vector<real<4>,650>,650>> v7 = ( var(undefined(type<vector<vector<real<4>,650>,650>>)));
        decl ref<vector<vector<real<4>,650>,650>> v8 = ( var(undefined(type<vector<vector<real<4>,650>,650>>)));
        decl ref<vector<vector<real<4>,650>,650>> v9 = ( var(undefined(type<vector<vector<real<4>,650>,650>>)));
        decl ref<vector<vector<real<4>,650>,650>> v10 = ( var(undefined(type<vector<vector<real<4>,650>,650>>)));
        memset(ref.to.anyref(v7), 0, CAST<uint<8>>((650*650)));
        memset(ref.to.anyref(v9), 0, CAST<uint<8>>((650*650)));
        for(decl int<4> v17 = 0 .. 650 : 1) 
            for(decl int<4> v16 = 0 .. 650 : 1) 
                (vector.ref.elem(vector.ref.elem(v9, CAST<uint<4>>(v17)), CAST<uint<4>>(v16)) := CAST<real<4>>(fun(int<4> v13, int<4> v14){
                    return (CAST<real<8>>(40)*sin(CAST<real<8>>(((16*((2*v13)-1))*v14))));
                }(v17, v16)))
            
        ;
        decl ref<real<8>> v18 = ( var(CAST<real<8>>(0)));
        decl ref<real<8>> v19 = ( var(CAST<real<8>>(0)));
        decl ref<real<8>> v20 = ( var(CAST<real<8>>(0)));
        decl ref<real<8>> v21 = ( var(0.0));
        decl ref<real<8>> v22 = ( var(pow((CAST<real<8>>(1)/CAST<real<8>>(650)), CAST<real<8>>(2))));
        (v4 := clock());
        (v5 := (CAST<real<8>>((( *v4)-( *v3)))/CAST<real<8>>(1000000l)));
        (v3 := clock());
        for(decl int<4> v37 = 0 .. 10 : 1) {
            <m id=1>for(decl int<4> v26 = 1 .. (650-1) : 1) {
                for(decl int<4> v25 = 1 .. (650-1) : 1) 
                    (vector.ref.elem(vector.ref.elem(v8, CAST<uint<4>>(v26)), CAST<uint<4>>(v25)) := CAST<real<4>>(((CAST<real<8>>(1)/CAST<real<8>>(4))*(CAST<real<8>>((((( *vector.ref.elem(vector.ref.elem(v7, CAST<uint<4>>((v26-1))), CAST<uint<4>>(v25)))+( *vector.ref.elem(vector.ref.elem(v7, CAST<uint<4>>(v26)), CAST<uint<4>>((v25+1)))))+( *vector.ref.elem(vector.ref.elem(v7, CAST<uint<4>>(v26)), CAST<uint<4>>((v25-1)))))+( *vector.ref.elem(vector.ref.elem(v7, CAST<uint<4>>((v26+1))), CAST<uint<4>>(v25)))))-(( *v22)*CAST<real<8>>(( *vector.ref.elem(vector.ref.elem(v9, CAST<uint<4>>(v26)), CAST<uint<4>>(v25)))))))))
                ;
            }</m>;
            memcpy(ref.to.anyref(v7), ref.to.anyref(v8), CAST<uint<8>>((650*650)));
            for(decl int<4> v30 = 1 .. (650-1) : 1) {
                for(decl int<4> v29 = 1 .. (650-1) : 1) 
                    (vector.ref.elem(vector.ref.elem(v10, CAST<uint<4>>(v30)), CAST<uint<4>>(v29)) := (((((( *vector.ref.elem(vector.ref.elem(v9, CAST<uint<4>>(v30)), CAST<uint<4>>(v29)))-(CAST<real<4>>(4)*( *vector.ref.elem(vector.ref.elem(v7, CAST<uint<4>>(v30)), CAST<uint<4>>(v29)))))+( *vector.ref.elem(vector.ref.elem(v7, CAST<uint<4>>((v30-1))), CAST<uint<4>>(v29))))+( *vector.ref.elem(vector.ref.elem(v7, CAST<uint<4>>((v30+1))), CAST<uint<4>>(v29))))+( *vector.ref.elem(vector.ref.elem(v7, CAST<uint<4>>(v30)), CAST<uint<4>>((v29-1)))))+( *vector.ref.elem(vector.ref.elem(v7, CAST<uint<4>>(v30)), CAST<uint<4>>((v29+1))))))
                ;
            };
            decl ref<real<8>> v31 = ( var(CAST<real<8>>(0)));
            <m id=2>for(decl int<4> v35 = 1 .. (650-1) : 1) {
                for(decl int<4> v34 = 1 .. (650-1) : 1) 
                    (v31 := (( *v31)+pow(CAST<real<8>>(( *vector.ref.elem(vector.ref.elem(v10, CAST<uint<4>>(v35)), CAST<uint<4>>(v34)))), CAST<real<8>>(2))))
                ;
            }</m>;
            (v21 := (sqrt(( *v31))/CAST<real<8>>((650-1))));
        };
        (v4 := clock());
        (v6 := (CAST<real<8>>((( *v4)-( *v3)))/CAST<real<8>>(1000000l)));
    }

