digraph G {
0[shape=diamond,label="ENTRY"];
1[shape=diamond,label="EXIT"];
2[shape=box,label="[B2]\l0: 0\lT: RETURN\l"];
3[shape=box,label="[B3]\l0: printf(..., ...)\l"];
4[shape=box,label="[B4]\l"];
5[shape=box,label="[B5]\l0: string.as.char.pointer(\"a=%d\n\")\l"];
6[shape=box,label="[B6]\l0: varlist.pack((( *v15)))\l"];
7[shape=diamond,label="ENTRY"];
8[shape=diamond,label="EXIT"];
9[shape=box,label="[B9]\l0: ref.deref(...)\lT: RETURN\l"];
11[shape=box,label="[B11]\l0: composite.ref.elem(..., x, type<int<4>>)\l"];
12[shape=box,label="[B12]\l0: array.ref.elem.1D(v11, 0)\l"];
13[shape=box,label="CALL"];
14[shape=box,label="RET"];
16[shape=box,label="[B16]\l0: scalar.to.array(v16)\l"];
17[shape=diamond,label="ENTRY"];
18[shape=diamond,label="EXIT"];
19[shape=box,label="[B19]\l0: composite.member.access(v9, x, type<int<4>>)\lT: RETURN\l"];
21[shape=box,label="CALL"];
22[shape=box,label="RET"];
24[shape=box,label="[B24]\l0: ref.deref(v16)\l"];
25[shape=diamond,label="ENTRY"];
26[shape=diamond,label="EXIT"];
27[shape=box,label="[B27]\l0: int.postInc(...)\lT: RETURN\l"];
29[shape=box,label="[B29]\l0: composite.ref.elem(v6, i, type<int<4>>)\l"];
30[shape=box,label="CALL"];
31[shape=box,label="RET"];
33[shape=box,label="[B33]\l0: scalar.to.array(v15)\l"];
34[shape=diamond,label="ENTRY"];
35[shape=diamond,label="EXIT"];
36[shape=box,label="[B36]\l0: ref.deref(...)\lT: RETURN\l"];
38[shape=box,label="[B38]\l0: array.ref.elem.1D(v4, 0)\l"];
39[shape=box,label="CALL"];
40[shape=box,label="RET"];
42[shape=box,label="[B42]\l0: scalar.to.array(v15)\l"];
43[shape=diamond,label="ENTRY"];
44[shape=diamond,label="EXIT"];
45[shape=box,label="[B45]\l0: v2\lT: RETURN\l"];
46[shape=box,label="CALL"];
47[shape=box,label="RET"];
49[shape=box,label="[B49]\l0: ref.deref(v15)\l"];
50[shape=box,label="[B50]\l0: decl v16 = ...\l"];
51[shape=box,label="[B51]\l0: ref.var(struct{x:=1, y:=1})\l"];
53[shape=box,label="[B53]\l0: decl v15 = ...\l"];
54[shape=box,label="[B54]\l0: ref.var(10)\l"];
56[shape=box,label="[B56]\l0: decl v1 = ...\l"];
57[shape=box,label="[B57]\l0: ref.new(struct{i:=0})\l"];
2->1 [label=""];
3->2 [label=""];
5->3 [label="0"];
4->5 [label=""];
6->3 [label="1"];
4->6 [label=""];
9->8 [label=""];
11->9 [label="0"];
12->11 [label="0"];
7->12 [label=""];
13->7 [label=""];
8->14 [label=""];
14->4 [label=""];
16->13 [label="0"];
19->18 [label=""];
17->19 [label=""];
21->17 [label=""];
18->22 [label=""];
22->16 [label=""];
24->21 [label="0"];
27->26 [label=""];
29->27 [label="0"];
25->29 [label=""];
30->25 [label=""];
26->31 [label=""];
31->24 [label=""];
33->30 [label="1"];
36->35 [label=""];
38->36 [label="0"];
34->38 [label=""];
39->34 [label=""];
35->40 [label=""];
40->33 [label=""];
42->39 [label="0"];
45->44 [label=""];
43->45 [label=""];
46->43 [label=""];
44->47 [label=""];
47->42 [label=""];
49->46 [label="0"];
50->49 [label=""];
51->50 [label=""];
53->51 [label=""];
54->53 [label=""];
56->54 [label=""];
57->56 [label=""];
0->57 [label=""];
}
