digraph G {
0[shape=diamond,label="ENTRY"];
1[shape=diamond,label="EXIT"];
2[shape=diamond,label="ENTRY"];
3[shape=diamond,label="EXIT"];
4[shape=box,label="[B4]\l0: ref.delete(...)\l"];
6[shape=box,label="[B6]\l0: ref.deref(...)\l"];
7[shape=box,label="[B7]\l0: composite.ref.elem(..., data, type<ref<array<ref<array<uint<4>,1>>,1>>>)\l"];
8[shape=box,label="[B8]\l0: array.ref.elem.1D(v1, 0)\l"];
9[shape=box,label="[B9]\l0: ref.delete(...)\l"];
11[shape=box,label="[B11]\l0: ref.deref(...)\l"];
12[shape=box,label="[B12]\l0: array.ref.elem.1D(..., ...)\l"];
13[shape=box,label="[B13]\l0: ref.deref(...)\l"];
14[shape=box,label="[B14]\l0: composite.ref.elem(..., data, type<ref<array<ref<array<uint<4>,1>>,1>>>)\l"];
15[shape=box,label="[B15]\l0: array.ref.elem.1D(v1, 0)\l"];
16[shape=box,label="[B16]\l0: CAST<uint<4>>\l"];
17[shape=box,label="CALL"];
18[shape=box,label="RET"];
20[shape=box,label="[B20]\l0: scalar.to.array(v106)\l"];
21[shape=box,label="CALL"];
22[shape=box,label="RET"];
24[shape=box,label="[B24]\l0: scalar.to.array(v105)\l"];
25[shape=diamond,label="ENTRY"];
26[shape=diamond,label="EXIT"];
27[shape=box,label="[B27]\l0: fclose(...)\l"];
29[shape=box,label="[B29]\l0: ref.deref(v74)\l"];
30[shape=box,label="[B30]\l0: composite.member.access(v69, x, type<int<4>>) <CTRL>\lT: FOR( ... ; v84 < composite.member.access(v69, x, type<int<4>>); ...)\l"];
31[shape=box,label="[B31]\l0: composite.member.access(v69, x, type<int<4>>)\l"];
33[shape=box,label="[B33]\l0: v84 += 1 <LOOP_INC>\l"];
34[shape=box,label="[B34]\l0: int.ne((( *v83)%4), 0)\lT: WHILE(...)\l"];
35[shape=box,label="[B35]\l0: int.postInc(v83)\l"];
37[shape=box,label="[B37]\l0: fwrite(..., ..., ..., ...)\l"];
38[shape=box,label="[B38]\l"];
39[shape=box,label="[B39]\l0: ref.to.anyref(...)\l"];
40[shape=box,label="[B40]\l0: scalar.to.array(v82)\l"];
41[shape=box,label="[B41]\l0: CAST<uint<8>>\l"];
42[shape=box,label="[B42]\l0: CAST<uint<8>>\l"];
43[shape=box,label="[B43]\l0: ref.deref(v74)\l"];
45[shape=box,label="[B45]\l0: int.mod(..., 4)\l"];
46[shape=box,label="[B46]\l0: ref.deref(v83)\l"];
47[shape=box,label="[B47]\l0: decl v83 = ...\l"];
48[shape=box,label="[B48]\l0: ref.var(...)\l"];
50[shape=box,label="[B50]\l0: int.mul(3, ...)\l"];
51[shape=box,label="[B51]\l0: composite.member.access(v69, y, type<int<4>>)\l"];
52[shape=box,label="[B52]\l0: decl v82 = ...\l"];
53[shape=box,label="[B53]\l0: ref.var(...)\l"];
55[shape=box,label="[B55]\l0: CAST<char>\l"];
56[shape=box,label="[B56]\l0: composite.member.access(v69, y, type<int<4>>) <CTRL>\lT: FOR( ... ; v81 < composite.member.access(v69, y, type<int<4>>); ...)\l"];
57[shape=box,label="[B57]\l0: composite.member.access(v69, y, type<int<4>>)\l"];
59[shape=box,label="[B59]\l0: v81 += 1 <LOOP_INC>\l"];
60[shape=box,label="[B60]\l0: fwrite(..., ..., ..., ...)\l"];
61[shape=box,label="[B61]\l0: decl v78 = ...\l"];
62[shape=box,label="[B62]\l0: ref.to.anyref(...)\l"];
63[shape=box,label="[B63]\l0: scalar.to.array(v78)\l"];
64[shape=box,label="[B64]\l0: sizeof(type<struct<r:uint<1>,g:uint<1>,b:uint<1>>>)\l"];
65[shape=box,label="[B65]\l0: CAST<uint<8>>\l"];
66[shape=box,label="[B66]\l0: ref.deref(v74)\l"];
67[shape=box,label="[B67]\l0: ref.var(...)\l"];
68[shape=box,label="[B68]\l"];
69[shape=diamond,label="ENTRY"];
70[shape=diamond,label="EXIT"];
71[shape=box,label="[B71]\l0: ref.deref(v65)\lT: RETURN\l"];
73[shape=box,label="[B73]\l0: ref.assign(..., ...)\l"];
74[shape=box,label="[B74]\l0: ref.assign(..., ...)\l"];
75[shape=box,label="[B75]\l0: composite.ref.elem(v65, b, type<uint<1>>)\l"];
76[shape=box,label="[B76]\l0: CAST<uint<1>>\l"];
77[shape=box,label="[B77]\l0: real.mul(..., ...)\l"];
78[shape=box,label="[B78]\l0: CAST<real<8>>(...)\l"];
79[shape=box,label="[B79]\l0: CAST<int<4>>(...)\l"];
80[shape=box,label="[B80]\l0: ref.deref(...)\l"];
81[shape=box,label="[B81]\l0: composite.ref.elem(v65, b, type<uint<1>>)\l"];
82[shape=box,label="[B82]\l0: ref.deref(v67)\l"];
83[shape=box,label="[B83]\l0: ref.assign(..., ...)\l"];
84[shape=box,label="[B84]\l0: composite.ref.elem(v65, g, type<uint<1>>)\l"];
85[shape=box,label="[B85]\l0: CAST<uint<1>>\l"];
86[shape=box,label="[B86]\l0: real.mul(..., ...)\l"];
87[shape=box,label="[B87]\l0: CAST<real<8>>(...)\l"];
88[shape=box,label="[B88]\l0: CAST<int<4>>(...)\l"];
89[shape=box,label="[B89]\l0: ref.deref(...)\l"];
90[shape=box,label="[B90]\l0: composite.ref.elem(v65, g, type<uint<1>>)\l"];
91[shape=box,label="[B91]\l0: ref.deref(v67)\l"];
92[shape=box,label="[B92]\l0: decl v67 = ...\l"];
93[shape=box,label="[B93]\l0: composite.ref.elem(v65, r, type<uint<1>>)\l"];
94[shape=box,label="[B94]\l0: CAST<uint<1>>\l"];
95[shape=box,label="[B95]\l0: real.mul(..., ...)\l"];
96[shape=box,label="[B96]\l0: CAST<real<8>>(...)\l"];
97[shape=box,label="[B97]\l0: CAST<int<4>>(...)\l"];
98[shape=box,label="[B98]\l0: ref.deref(...)\l"];
99[shape=box,label="[B99]\l0: composite.ref.elem(v65, r, type<uint<1>>)\l"];
100[shape=box,label="[B100]\l0: ref.deref(v67)\l"];
101[shape=box,label="[B101]\l0: ref.var(...)\l"];
102[shape=box,label="[B102]\l"];
103[shape=box,label="[B103]\l0: real.sub(1.0, ...)\l"];
104[shape=box,label="[B104]\l0: real.div(..., ...)\l"];
105[shape=box,label="[B105]\l0: CAST<real<8>>(...)\l"];
106[shape=box,label="[B106]\l0: uint.sub(..., v63)\l"];
107[shape=box,label="[B107]\l0: CAST<uint<8>>\l"];
108[shape=box,label="[B108]\l0: CAST<real<8>>\l"];
109[shape=box,label="[B109]\l0: uint.sub(v64, v63)\l"];
110[shape=box,label="[B110]\l0: v66\lT: SWITCH(...)\l"];
111[shape=box,label="[B111]\l0: ref.assign(v65, struct{r:=CAST<uint<1>>(255), g:=CAST<uint<1>>(255), b:=CAST<uint<1>>(255)})\l"];
113[shape=box,label="[B113]\l0: ref.assign(v65, struct{r:=CAST<uint<1>>(255), g:=CAST<uint<1>>(0), b:=CAST<uint<1>>(0)})\l"];
115[shape=box,label="[B115]\l0: ref.assign(v65, struct{r:=CAST<uint<1>>(0), g:=CAST<uint<1>>(255), b:=CAST<uint<1>>(0)})\l"];
117[shape=box,label="[B117]\l0: ref.assign(v65, struct{r:=CAST<uint<1>>(0), g:=CAST<uint<1>>(0), b:=CAST<uint<1>>(255)})\l"];
119[shape=box,label="[B119]\l0: ref.assign(v65, struct{r:=CAST<uint<1>>(255), g:=CAST<uint<1>>(255), b:=CAST<uint<1>>(0)})\l"];
121[shape=box,label="[B121]\l0: ref.assign(v65, struct{r:=CAST<uint<1>>(0), g:=CAST<uint<1>>(255), b:=CAST<uint<1>>(255)})\l"];
123[shape=box,label="[B123]\l0: ref.assign(v65, struct{r:=CAST<uint<1>>(255), g:=CAST<uint<1>>(0), b:=CAST<uint<1>>(255)})\l"];
125[shape=box,label="[B125]\l0: ref.assign(v65, struct{r:=CAST<uint<1>>(0), g:=CAST<uint<1>>(0), b:=CAST<uint<1>>(0)})\l"];
127[shape=box,label="[B127]\l0: decl v66 = ...\l"];
128[shape=box,label="[B128]\l0: CAST<int<4>>\l"];
129[shape=box,label="[B129]\l0: decl v65 = ...\l"];
130[shape=box,label="[B130]\l0: ref.var(...)\l"];
132[shape=box,label="[B132]\l0: undefined(type<struct<r:uint<1>,g:uint<1>,b:uint<1>>>)\l"];
133[shape=box,label="CALL"];
134[shape=box,label="RET"];
135[shape=box,label="[B135]\l0: array.subscript.1D(..., ...)\l"];
136[shape=box,label="[B136]\l0: ref.deref(...)\l"];
137[shape=box,label="[B137]\l0: array.subscript.1D(..., ...)\l"];
138[shape=box,label="[B138]\l0: ref.deref(...)\l"];
139[shape=box,label="[B139]\l0: composite.member.access(v69, data, type<ref<array<ref<array<uint<4>,1>>,1>>>)\l"];
140[shape=box,label="[B140]\l0: CAST<uint<4>>\l"];
141[shape=box,label="[B141]\l0: CAST<uint<4>>\l"];
142[shape=box,label="[B142]\l0: array.subscript.1D(..., ...)\l"];
143[shape=box,label="[B143]\l0: ref.deref(...)\l"];
144[shape=box,label="[B144]\l0: array.subscript.1D(..., ...)\l"];
145[shape=box,label="[B145]\l0: ref.deref(...)\l"];
146[shape=box,label="[B146]\l0: composite.member.access(v70, data, type<ref<array<ref<array<uint<4>,1>>,1>>>)\l"];
147[shape=box,label="[B147]\l0: CAST<uint<4>>\l"];
148[shape=box,label="[B148]\l0: CAST<uint<4>>\l"];
149[shape=box,label="[B149]\l0: decl int<4> v81 = 0 <LOOP_INIT>\l"];
150[shape=box,label="[B150]\l0: decl int<4> v84 = 0 <LOOP_INIT>\l"];
151[shape=box,label="[B151]\l0: fwrite(..., ..., ..., ...)\l"];
152[shape=box,label="[B152]\l0: ref.assign(..., ...)\l"];
153[shape=box,label="[B153]\l0: ref.to.anyref(...)\l"];
154[shape=box,label="[B154]\l0: scalar.to.array(v77)\l"];
155[shape=box,label="[B155]\l0: sizeof(type<struct<header_sz:uint<4>,width:int<4>,height:int<4>,nplanes:uint<2>,bitspp:uint<2>,compress_type:uint<4>,bmp_bytesz:uint<4>,hres:int<4>,vres:int<4>,ncolors:uint<4>,nimpcolors:uint<4>>>)\l"];
156[shape=box,label="[B156]\l0: CAST<uint<8>>\l"];
157[shape=box,label="[B157]\l0: ref.deref(v74)\l"];
158[shape=box,label="[B158]\l0: ref.assign(..., ...)\l"];
159[shape=box,label="[B159]\l0: composite.ref.elem(v77, nimpcolors, type<uint<4>>)\l"];
160[shape=box,label="[B160]\l0: CAST<uint<4>>\l"];
161[shape=box,label="[B161]\l0: ref.assign(..., 1000)\l"];
162[shape=box,label="[B162]\l0: composite.ref.elem(v77, ncolors, type<uint<4>>)\l"];
163[shape=box,label="[B163]\l0: CAST<uint<4>>\l"];
165[shape=box,label="[B165]\l0: composite.ref.elem(v77, vres, type<int<4>>)\l"];
166[shape=box,label="[B166]\l0: ref.assign(..., 1000)\l"];
168[shape=box,label="[B168]\l0: composite.ref.elem(v77, hres, type<int<4>>)\l"];
169[shape=box,label="[B169]\l0: ref.assign(..., ...)\l"];
170[shape=box,label="[B170]\l0: ref.assign(..., ...)\l"];
171[shape=box,label="[B171]\l0: composite.ref.elem(v77, bmp_bytesz, type<uint<4>>)\l"];
172[shape=box,label="[B172]\l0: CAST<uint<4>>\l"];
173[shape=box,label="[B173]\l0: ref.assign(..., ...)\l"];
174[shape=box,label="[B174]\l0: composite.ref.elem(v77, compress_type, type<uint<4>>)\l"];
175[shape=box,label="[B175]\l0: CAST<uint<4>>\l"];
176[shape=box,label="[B176]\l0: ref.assign(..., ...)\l"];
177[shape=box,label="[B177]\l0: composite.ref.elem(v77, bitspp, type<uint<2>>)\l"];
178[shape=box,label="[B178]\l0: CAST<uint<2>>\l"];
179[shape=box,label="[B179]\l0: ref.assign(..., ...)\l"];
180[shape=box,label="[B180]\l0: composite.ref.elem(v77, nplanes, type<uint<2>>)\l"];
181[shape=box,label="[B181]\l0: CAST<uint<2>>\l"];
182[shape=box,label="[B182]\l0: ref.assign(..., ...)\l"];
183[shape=box,label="[B183]\l0: composite.ref.elem(v77, height, type<int<4>>)\l"];
184[shape=box,label="[B184]\l0: composite.member.access(v69, y, type<int<4>>)\l"];
185[shape=box,label="[B185]\l0: ref.assign(..., ...)\l"];
186[shape=box,label="[B186]\l0: composite.ref.elem(v77, width, type<int<4>>)\l"];
187[shape=box,label="[B187]\l0: composite.member.access(v69, x, type<int<4>>)\l"];
188[shape=box,label="[B188]\l0: decl v77 = ...\l"];
189[shape=box,label="[B189]\l0: composite.ref.elem(v77, header_sz, type<uint<4>>)\l"];
190[shape=box,label="[B190]\l0: CAST<uint<4>>\l"];
191[shape=box,label="[B191]\l0: ref.var(...)\l"];
193[shape=box,label="[B193]\l0: undefined(type<struct<header_sz:uint<4>,width:int<4>,height:int<4>,nplanes:uint<2>,bitspp:uint<2>,compress_type:uint<4>,bmp_bytesz:uint<4>,hres:int<4>,vres:int<4>,ncolors:uint<4>,nimpcolors:uint<4>>>)\l"];
194[shape=box,label="[B194]\l0: fwrite(..., ..., ..., ...)\l"];
195[shape=box,label="[B195]\l0: ref.assign(..., ...)\l"];
196[shape=box,label="[B196]\l0: ref.to.anyref(...)\l"];
197[shape=box,label="[B197]\l0: scalar.to.array(v76)\l"];
198[shape=box,label="[B198]\l0: sizeof(type<struct<filesz:uint<4>,creator1:uint<2>,creator2:uint<2>,bmp_offset:uint<4>>>)\l"];
199[shape=box,label="[B199]\l0: CAST<uint<8>>\l"];
200[shape=box,label="[B200]\l0: ref.deref(v74)\l"];
201[shape=box,label="[B201]\l0: ref.assign(..., ...)\l"];
202[shape=box,label="[B202]\l0: composite.ref.elem(v76, creator2, type<uint<2>>)\l"];
203[shape=box,label="[B203]\l0: CAST<uint<2>>\l"];
204[shape=box,label="[B204]\l0: ref.assign(..., ...)\l"];
205[shape=box,label="[B205]\l0: composite.ref.elem(v76, creator1, type<uint<2>>)\l"];
206[shape=box,label="[B206]\l0: CAST<uint<2>>\l"];
207[shape=box,label="[B207]\l0: ref.assign(..., ...)\l"];
208[shape=box,label="[B208]\l0: composite.ref.elem(v76, filesz, type<uint<4>>)\l"];
209[shape=box,label="[B209]\l0: CAST<uint<4>>\l"];
210[shape=box,label="[B210]\l0: uint.add(..., ...)\l"];
211[shape=box,label="[B211]\l0: CAST<uint<8>>(...)\l"];
212[shape=box,label="[B212]\l0: ref.deref(...)\l"];
213[shape=box,label="[B213]\l0: composite.ref.elem(v76, bmp_offset, type<uint<4>>)\l"];
214[shape=box,label="[B214]\l0: uint.mul(..., ...)\l"];
215[shape=box,label="[B215]\l0: uint.mul(..., ...)\l"];
216[shape=box,label="[B216]\l0: sizeof(type<struct<r:uint<1>,g:uint<1>,b:uint<1>>>)\l"];
217[shape=box,label="[B217]\l0: CAST<uint<8>>\l"];
218[shape=box,label="[B218]\l0: composite.member.access(v69, x, type<int<4>>)\l"];
219[shape=box,label="[B219]\l0: CAST<uint<8>>\l"];
220[shape=box,label="[B220]\l0: composite.member.access(v69, y, type<int<4>>)\l"];
221[shape=box,label="[B221]\l0: decl v76 = ...\l"];
222[shape=box,label="[B222]\l0: composite.ref.elem(v76, bmp_offset, type<uint<4>>)\l"];
223[shape=box,label="[B223]\l0: CAST<uint<4>>\l"];
224[shape=box,label="[B224]\l0: uint.add(..., ...)\l"];
225[shape=box,label="[B225]\l0: uint.add(..., ...)\l"];
226[shape=box,label="[B226]\l0: sizeof(type<struct<magic:vector<uint<1>,2>>>)\l"];
227[shape=box,label="[B227]\l0: sizeof(type<struct<filesz:uint<4>,creator1:uint<2>,creator2:uint<2>,bmp_offset:uint<4>>>)\l"];
228[shape=box,label="[B228]\l0: sizeof(type<struct<header_sz:uint<4>,width:int<4>,height:int<4>,nplanes:uint<2>,bitspp:uint<2>,compress_type:uint<4>,bmp_bytesz:uint<4>,hres:int<4>,vres:int<4>,ncolors:uint<4>,nimpcolors:uint<4>>>)\l"];
229[shape=box,label="[B229]\l0: ref.var(...)\l"];
231[shape=box,label="[B231]\l0: undefined(type<struct<filesz:uint<4>,creator1:uint<2>,creator2:uint<2>,bmp_offset:uint<4>>>)\l"];
232[shape=box,label="[B232]\l0: fwrite(..., ..., ..., ...)\l"];
233[shape=box,label="[B233]\l0: decl v75 = ...\l"];
234[shape=box,label="[B234]\l0: ref.to.anyref(...)\l"];
235[shape=box,label="[B235]\l0: scalar.to.array(v75)\l"];
236[shape=box,label="[B236]\l0: sizeof(type<struct<magic:vector<uint<1>,2>>>)\l"];
237[shape=box,label="[B237]\l0: CAST<uint<8>>\l"];
238[shape=box,label="[B238]\l0: ref.deref(v74)\l"];
239[shape=box,label="[B239]\l0: ref.var(struct{magic:=[CAST<uint<1>>(0x42), CAST<uint<1>>(0x4D)]})\l"];
241[shape=box,label="[B241]\l0: bool.not(...)\lT: IF(...)\l"];
242[shape=box,label="[B242]\l0: unit\lT: RETURN\l"];
243[shape=box,label="[B243]\l0: printf(..., ...)\l"];
244[shape=box,label="[B244]\l"];
245[shape=box,label="[B245]\l0: string.as.char.pointer(\"Error opening output file!\n\")\l"];
246[shape=box,label="[B246]\l0: varlist.pack(())\l"];
248[shape=box,label="[B248]\l0: bool.not(...)\l"];
249[shape=box,label="[B249]\l0: is.null(...)\l"];
250[shape=box,label="[B250]\l0: ref.deref(v74)\l"];
251[shape=box,label="[B251]\l0: decl v74 = ...\l"];
252[shape=box,label="[B252]\l0: ref.var(...)\l"];
254[shape=box,label="[B254]\l0: fopen(v71, ...)\l"];
255[shape=box,label="[B255]\l0: string.as.char.pointer(\"wb\")\l"];
256[shape=box,label="CALL"];
257[shape=box,label="RET"];
258[shape=box,label="[B258]\l"];
259[shape=box,label="[B259]\l0: ref.deref(v105)\l"];
260[shape=box,label="[B260]\l0: ref.deref(v106)\l"];
261[shape=box,label="[B261]\l0: string.as.char.pointer(\"out.bmp\")\l"];
262[shape=box,label="[B262]\l0: ref.deref(v115)\l"];
263[shape=box,label="[B263]\l0: ref.deref(v114)\l"];
264[shape=diamond,label="ENTRY"];
265[shape=diamond,label="EXIT"];
266[shape=box,label="[B266]\l0: composite.member.access(v3, x, type<int<4>>) <CTRL>\lT: FOR( ... ; v8 < composite.member.access(v3, x, type<int<4>>); ...)\l"];
267[shape=box,label="[B267]\l0: composite.member.access(v3, x, type<int<4>>)\l"];
269[shape=box,label="[B269]\l0: v8 += 1 <LOOP_INC>\l"];
270[shape=box,label="[B270]\l0: printf(..., ...)\l"];
271[shape=box,label="[B271]\l"];
272[shape=box,label="[B272]\l0: string.as.char.pointer(\"\n\")\l"];
273[shape=box,label="[B273]\l0: varlist.pack(())\l"];
274[shape=box,label="[B274]\l0: composite.member.access(v3, y, type<int<4>>) <CTRL>\lT: FOR( ... ; v7 < composite.member.access(v3, y, type<int<4>>); ...)\l"];
275[shape=box,label="[B275]\l0: composite.member.access(v3, y, type<int<4>>)\l"];
277[shape=box,label="[B277]\l0: v7 += 1 <LOOP_INC>\l"];
278[shape=box,label="[B278]\l0: uint.eq(..., ...)\lT: IF(...)\l"];
279[shape=box,label="[B279]\l0: printf(..., ...)\l"];
280[shape=box,label="[B280]\l"];
281[shape=box,label="[B281]\l0: string.as.char.pointer(\" \")\l"];
282[shape=box,label="[B282]\l0: varlist.pack(())\l"];
283[shape=box,label="[B283]\l0: uint.eq(..., v4)\lT: IF(...)\l"];
284[shape=box,label="[B284]\l0: printf(..., ...)\l"];
285[shape=box,label="[B285]\l0: printf(string.as.char.pointer(\"%c\"), varlist.pack((((CAST<uint<4>>(CAST<int<4>>('A'))+(( *(( *composite.member.access(v3, data, type<ref<array<ref<array<uint<4>,1>>,1>>>))[CAST<uint<4>>(v8)]))[CAST<uint<4>>(v7)]))-CAST<uint<4>>(1)))))\l"];
286[shape=box,label="[B286]\l0: string.as.char.pointer(\"X\")\l"];
287[shape=box,label="[B287]\l0: varlist.pack(())\l"];
288[shape=box,label="[B288]\l"];
289[shape=box,label="[B289]\l0: string.as.char.pointer(\"%c\")\l"];
290[shape=box,label="[B290]\l0: varlist.pack((((CAST<uint<4>>(CAST<int<4>>('A'))+(( *(( *composite.member.access(v3, data, type<ref<array<ref<array<uint<4>,1>>,1>>>))[CAST<uint<4>>(v8)]))[CAST<uint<4>>(v7)]))-CAST<uint<4>>(1))))\l"];
291[shape=box,label="[B291]\l"];
292[shape=box,label="[B292]\l0: array.subscript.1D(..., ...)\l"];
293[shape=box,label="[B293]\l0: ref.deref(...)\l"];
294[shape=box,label="[B294]\l0: array.subscript.1D(..., ...)\l"];
295[shape=box,label="[B295]\l0: ref.deref(...)\l"];
296[shape=box,label="[B296]\l0: composite.member.access(v3, data, type<ref<array<ref<array<uint<4>,1>>,1>>>)\l"];
297[shape=box,label="[B297]\l0: CAST<uint<4>>\l"];
298[shape=box,label="[B298]\l0: CAST<uint<4>>\l"];
299[shape=box,label="[B299]\l"];
300[shape=box,label="[B300]\l0: array.subscript.1D(..., ...)\l"];
301[shape=box,label="[B301]\l0: ref.deref(...)\l"];
302[shape=box,label="[B302]\l0: array.subscript.1D(..., ...)\l"];
303[shape=box,label="[B303]\l0: ref.deref(...)\l"];
304[shape=box,label="[B304]\l0: composite.member.access(v3, data, type<ref<array<ref<array<uint<4>,1>>,1>>>)\l"];
305[shape=box,label="[B305]\l0: CAST<uint<4>>\l"];
306[shape=box,label="[B306]\l0: CAST<uint<4>>\l"];
307[shape=box,label="[B307]\l0: CAST<uint<4>>\l"];
308[shape=box,label="[B308]\l0: decl int<4> v7 = 0 <LOOP_INIT>\l"];
309[shape=box,label="[B309]\l0: decl int<4> v8 = 0 <LOOP_INIT>\l"];
310[shape=box,label="CALL"];
311[shape=box,label="RET"];
312[shape=box,label="[B312]\l0: printf(..., ...)\l"];
313[shape=box,label="[B313]\l0: ref.deref(v105)\l"];
314[shape=box,label="[B314]\l0: ref.deref(v95)\l"];
315[shape=box,label="[B315]\l"];
316[shape=box,label="[B316]\l0: string.as.char.pointer(\"Number of steps calculated: %llu .. %llu\n\")\l"];
317[shape=box,label="[B317]\l0: varlist.pack((( *v115), ( *v114)))\l"];
318[shape=box,label="[B318]\l0: ( *v96) <CTRL>\lT: FOR( ... ; v131 <  *v96; ...)\l"];
319[shape=box,label="[B319]\l0: ref.deref(v96)\l"];
321[shape=box,label="[B321]\l0: v131 += 1 <LOOP_INC>\l"];
322[shape=box,label="[B322]\l0: ( *v97) <CTRL>\lT: FOR( ... ; v130 <  *v97; ...)\l"];
323[shape=box,label="[B323]\l0: ref.deref(v97)\l"];
325[shape=box,label="[B325]\l0: v130 += 1 <LOOP_INC>\l"];
326[shape=box,label="[B326]\l0: ref.assign(v115, ...)\l"];
327[shape=box,label="[B327]\l0: ref.assign(v114, ...)\l"];
328[shape=box,label="[B328]\l0: ite(..., bind(){fun{...}(v106, ( var(v130)), ( var(v131)))}, bind(){fun{...}(v115)})\l"];
329[shape=box,label="[B329]\l0: uint.lt(..., ...)\l"];
330[shape=box,label="[B330]\l0: CAST<uint<8>>(...)\l"];
331[shape=box,label="[B331]\l0: ref.deref(...)\l"];
332[shape=box,label="[B332]\l0: array.ref.elem.1D(..., ...)\l"];
333[shape=box,label="[B333]\l0: ref.deref(...)\l"];
334[shape=box,label="[B334]\l0: array.ref.elem.1D(..., ...)\l"];
335[shape=box,label="[B335]\l0: ref.deref(...)\l"];
336[shape=box,label="[B336]\l0: composite.ref.elem(v106, data, type<ref<array<ref<array<uint<4>,1>>,1>>>)\l"];
337[shape=box,label="[B337]\l0: CAST<uint<4>>\l"];
338[shape=box,label="[B338]\l0: CAST<uint<4>>\l"];
339[shape=box,label="[B339]\l0: ref.deref(v115)\l"];
340[shape=box,label="[B340]\l"];
341[shape=box,label="[B341]\l0: ite(..., bind(){fun{...}(v106, ( var(v130)), ( var(v131)))}, bind(){fun{...}(v114)})\l"];
342[shape=box,label="[B342]\l0: uint.gt(..., ...)\l"];
343[shape=box,label="[B343]\l0: CAST<uint<8>>(...)\l"];
344[shape=box,label="[B344]\l0: ref.deref(...)\l"];
345[shape=box,label="[B345]\l0: array.ref.elem.1D(..., ...)\l"];
346[shape=box,label="[B346]\l0: ref.deref(...)\l"];
347[shape=box,label="[B347]\l0: array.ref.elem.1D(..., ...)\l"];
348[shape=box,label="[B348]\l0: ref.deref(...)\l"];
349[shape=box,label="[B349]\l0: composite.ref.elem(v106, data, type<ref<array<ref<array<uint<4>,1>>,1>>>)\l"];
350[shape=box,label="[B350]\l0: CAST<uint<4>>\l"];
351[shape=box,label="[B351]\l0: CAST<uint<4>>\l"];
352[shape=box,label="[B352]\l0: ref.deref(v114)\l"];
353[shape=box,label="[B353]\l0: decl int<4> v130 = 0 <LOOP_INIT>\l"];
354[shape=box,label="[B354]\l0: decl int<4> v131 = 0 <LOOP_INIT>\l"];
355[shape=box,label="[B355]\l0: decl v115 = ...\l"];
356[shape=box,label="[B356]\l0: ref.var(...)\l"];
358[shape=box,label="[B358]\l0: ref.deref(v103)\l"];
359[shape=box,label="[B359]\l0: decl v114 = ...\l"];
360[shape=box,label="[B360]\l0: ref.var(...)\l"];
362[shape=box,label="[B362]\l0: CAST<uint<8>>\l"];
363[shape=box,label="[B363]\l0: ( *v96) <CTRL>\lT: FOR( ... ; v113 <  *v96; ...)\l"];
364[shape=box,label="[B364]\l0: ref.deref(v96)\l"];
366[shape=box,label="[B366]\l0: v113 += 1 <LOOP_INC>\l"];
367[shape=box,label="[B367]\l0: ( *v97) <CTRL>\lT: FOR( ... ; v112 <  *v97; ...)\l"];
368[shape=box,label="[B368]\l0: ref.deref(v97)\l"];
370[shape=box,label="[B370]\l0: v112 += 1 <LOOP_INC>\l"];
371[shape=box,label="[B371]\l0: ref.assign(..., ...)\l"];
372[shape=box,label="[B372]\l0: ref.assign(..., ...)\l"];
373[shape=box,label="[B373]\l0: array.ref.elem.1D(..., ...)\l"];
374[shape=box,label="[B374]\l0: ref.deref(...)\l"];
375[shape=box,label="[B375]\l0: array.ref.elem.1D(..., ...)\l"];
376[shape=box,label="[B376]\l0: ref.deref(...)\l"];
377[shape=box,label="[B377]\l0: composite.ref.elem(v106, data, type<ref<array<ref<array<uint<4>,1>>,1>>>)\l"];
378[shape=box,label="[B378]\l0: CAST<uint<4>>\l"];
379[shape=box,label="[B379]\l0: CAST<uint<4>>\l"];
380[shape=box,label="[B380]\l0: CAST<uint<4>>\l"];
381[shape=box,label="[B381]\l0: ref.deref(...)\l"];
382[shape=box,label="[B382]\l0: composite.ref.elem(v111, numSteps, type<uint<8>>)\l"];
383[shape=box,label="[B383]\l0: decl v111 = ...\l"];
384[shape=box,label="[B384]\l0: array.ref.elem.1D(..., ...)\l"];
385[shape=box,label="[B385]\l0: ref.deref(...)\l"];
386[shape=box,label="[B386]\l0: array.ref.elem.1D(..., ...)\l"];
387[shape=box,label="[B387]\l0: ref.deref(...)\l"];
388[shape=box,label="[B388]\l0: composite.ref.elem(v105, data, type<ref<array<ref<array<uint<4>,1>>,1>>>)\l"];
389[shape=box,label="[B389]\l0: CAST<uint<4>>\l"];
390[shape=box,label="[B390]\l0: CAST<uint<4>>\l"];
391[shape=box,label="[B391]\l0: ref.deref(...)\l"];
392[shape=box,label="[B392]\l0: composite.ref.elem(v111, target, type<uint<4>>)\l"];
393[shape=box,label="[B393]\l0: ref.var(...)\l"];
394[shape=box,label="[B394]\l0: decl v109 = ...\l"];
395[shape=diamond,label="ENTRY"];
396[shape=diamond,label="EXIT"];
397[shape=box,label="[B397]\l0: struct{target:=v20, numSteps:=v25}\lT: RETURN\l"];
398[shape=box,label="[B398]\l0: v25 <CTRL>\lT: FOR( ... ; v51 < v25; ...)\l"];
399[shape=box,label="[B399]\l0: v51 += 1 <LOOP_INC>\l"];
400[shape=diamond,label="ENTRY"];
401[shape=diamond,label="EXIT"];
402[shape=box,label="[B402]\l0: ref.assign(..., ...)\l"];
403[shape=box,label="[B403]\l0: ref.assign(..., ...)\l"];
404[shape=box,label="[B404]\l0: vector.ref.elem(v48, ...)\l"];
405[shape=box,label="[B405]\l0: CAST<uint<4>>\l"];
406[shape=box,label="[B406]\l0: ref.deref(...)\l"];
407[shape=box,label="[B407]\l0: vector.ref.elem(v49, ...)\l"];
408[shape=box,label="[B408]\l0: CAST<uint<4>>\l"];
410[shape=box,label="[B410]\l0: vector.ref.elem(v48, ...)\l"];
411[shape=box,label="[B411]\l0: CAST<uint<4>>\l"];
412[shape=box,label="[B412]\l0: ref.deref(...)\l"];
413[shape=box,label="[B413]\l0: vector.ref.elem(v49, ...)\l"];
414[shape=box,label="[B414]\l0: CAST<uint<4>>\l"];
415[shape=box,label="CALL"];
416[shape=box,label="RET"];
418[shape=diamond,label="ENTRY"];
419[shape=diamond,label="EXIT"];
420[shape=box,label="[B420]\l0: ref.assign(..., ...)\l"];
421[shape=box,label="[B421]\l0: ref.assign(..., ...)\l"];
422[shape=box,label="[B422]\l0: vector.ref.elem(v46, ...)\l"];
423[shape=box,label="[B423]\l0: CAST<uint<4>>\l"];
424[shape=box,label="[B424]\l0: ref.deref(...)\l"];
425[shape=box,label="[B425]\l0: vector.ref.elem(v45, ...)\l"];
426[shape=box,label="[B426]\l0: CAST<uint<4>>\l"];
428[shape=box,label="[B428]\l0: vector.ref.elem(v46, ...)\l"];
429[shape=box,label="[B429]\l0: CAST<uint<4>>\l"];
430[shape=box,label="[B430]\l0: ref.deref(...)\l"];
431[shape=box,label="[B431]\l0: vector.ref.elem(v45, ...)\l"];
432[shape=box,label="[B432]\l0: CAST<uint<4>>\l"];
433[shape=box,label="CALL"];
434[shape=box,label="RET"];
436[shape=box,label="[B436]\l0: ref.assign(..., ...)\l"];
437[shape=box,label="[B437]\l0: ref.assign(..., ...)\l"];
438[shape=box,label="[B438]\l0: vector.ref.elem(v28, ...)\l"];
439[shape=box,label="[B439]\l0: CAST<uint<4>>\l"];
440[shape=box,label="[B440]\l0: real.add(..., ...)\l"];
441[shape=box,label="[B441]\l0: ref.deref(...)\l"];
442[shape=box,label="[B442]\l0: vector.ref.elem(v28, ...)\l"];
443[shape=box,label="[B443]\l0: CAST<uint<4>>\l"];
444[shape=box,label="[B444]\l0: real.mul(v21, ...)\l"];
445[shape=box,label="[B445]\l0: real.sub(..., ...)\l"];
446[shape=box,label="[B446]\l0: real.add(..., ...)\l"];
447[shape=box,label="[B447]\l0: real.mul(..., ...)\l"];
448[shape=box,label="[B448]\l0: real.div(1.0, 3.0)\l"];
449[shape=box,label="[B449]\l0: ref.deref(...)\l"];
450[shape=box,label="[B450]\l0: vector.ref.elem(v30, ...)\l"];
451[shape=box,label="[B451]\l0: CAST<uint<4>>\l"];
452[shape=box,label="[B452]\l0: real.mul(..., ...)\l"];
453[shape=box,label="[B453]\l0: real.div(5.0, 6.0)\l"];
454[shape=box,label="[B454]\l0: ref.deref(...)\l"];
455[shape=box,label="[B455]\l0: vector.ref.elem(v29, ...)\l"];
456[shape=box,label="[B456]\l0: CAST<uint<4>>\l"];
457[shape=box,label="[B457]\l0: real.mul(..., ...)\l"];
458[shape=box,label="[B458]\l0: real.div(1.0, 6.0)\l"];
459[shape=box,label="[B459]\l0: ref.deref(...)\l"];
460[shape=box,label="[B460]\l0: vector.ref.elem(v31, ...)\l"];
461[shape=box,label="[B461]\l0: CAST<uint<4>>\l"];
462[shape=box,label="[B462]\l0: ref.assign(..., ...)\l"];
463[shape=box,label="[B463]\l0: vector.ref.elem(v28, ...)\l"];
464[shape=box,label="[B464]\l0: CAST<uint<4>>\l"];
465[shape=box,label="[B465]\l0: real.add(..., ...)\l"];
466[shape=box,label="[B466]\l0: ref.deref(...)\l"];
467[shape=box,label="[B467]\l0: vector.ref.elem(v28, ...)\l"];
468[shape=box,label="[B468]\l0: CAST<uint<4>>\l"];
469[shape=box,label="[B469]\l0: real.mul(v21, ...)\l"];
470[shape=box,label="[B470]\l0: real.sub(..., ...)\l"];
471[shape=box,label="[B471]\l0: real.add(..., ...)\l"];
472[shape=box,label="[B472]\l0: real.mul(..., ...)\l"];
473[shape=box,label="[B473]\l0: real.div(1.0, 3.0)\l"];
474[shape=box,label="[B474]\l0: ref.deref(...)\l"];
475[shape=box,label="[B475]\l0: vector.ref.elem(v30, ...)\l"];
476[shape=box,label="[B476]\l0: CAST<uint<4>>\l"];
477[shape=box,label="[B477]\l0: real.mul(..., ...)\l"];
478[shape=box,label="[B478]\l0: real.div(5.0, 6.0)\l"];
479[shape=box,label="[B479]\l0: ref.deref(...)\l"];
480[shape=box,label="[B480]\l0: vector.ref.elem(v29, ...)\l"];
481[shape=box,label="[B481]\l0: CAST<uint<4>>\l"];
482[shape=box,label="[B482]\l0: real.mul(..., ...)\l"];
483[shape=box,label="[B483]\l0: real.div(1.0, 6.0)\l"];
484[shape=box,label="[B484]\l0: ref.deref(...)\l"];
485[shape=box,label="[B485]\l0: vector.ref.elem(v31, ...)\l"];
486[shape=box,label="[B486]\l0: CAST<uint<4>>\l"];
487[shape=box,label="[B487]\l0: ref.assign(..., ...)\l"];
488[shape=box,label="[B488]\l0: vector.ref.elem(v30, ...)\l"];
489[shape=box,label="[B489]\l0: CAST<uint<4>>\l"];
490[shape=box,label="[B490]\l0: real.sub(..., ...)\l"];
491[shape=box,label="[B491]\l0: ref.deref(...)\l"];
492[shape=box,label="[B492]\l0: vector.ref.elem(v30, ...)\l"];
493[shape=box,label="[B493]\l0: CAST<uint<4>>\l"];
494[shape=box,label="[B494]\l0: real.mul(..., v22)\l"];
495[shape=box,label="[B495]\l0: ref.deref(...)\l"];
496[shape=box,label="[B496]\l0: vector.ref.elem(v28, ...)\l"];
497[shape=box,label="[B497]\l0: CAST<uint<4>>\l"];
498[shape=box,label="[B498]\l"];
499[shape=box,label="[B499]\l0: vector.ref.elem(v30, ...)\l"];
500[shape=box,label="[B500]\l0: CAST<uint<4>>\l"];
501[shape=box,label="[B501]\l0: real.sub(..., ...)\l"];
502[shape=box,label="[B502]\l0: ref.deref(...)\l"];
503[shape=box,label="[B503]\l0: vector.ref.elem(v30, ...)\l"];
504[shape=box,label="[B504]\l0: CAST<uint<4>>\l"];
505[shape=box,label="[B505]\l0: real.mul(..., v22)\l"];
506[shape=box,label="[B506]\l0: ref.deref(...)\l"];
507[shape=box,label="[B507]\l0: vector.ref.elem(v28, ...)\l"];
508[shape=box,label="[B508]\l0: CAST<uint<4>>\l"];
509[shape=box,label="[B509]\l0: v20 <CTRL>\lT: FOR( ... ; v44 < v20; ...)\l"];
510[shape=box,label="[B510]\l0: v44 += 1 <LOOP_INC>\l"];
511[shape=box,label="[B511]\l0: bool.and(..., bind(){fun{...}(v28, v26)})\lT: IF(...)\l"];
512[shape=box,label="[B512]\l0: struct{target:=v44, numSteps:=v51}\lT: RETURN\l"];
514[shape=box,label="[B514]\l0: bool.and(..., bind(){fun{...}(v35, v33)})\l"];
515[shape=box,label="[B515]\l0: uint.gt(v51, ...)\l"];
516[shape=box,label="[B516]\l0: CAST<uint<8>>\l"];
517[shape=box,label="[B517]\l0: uint.eq(..., ...)\lT: IF(...)\l"];
518[shape=box,label="[B518]\l0: ref.assign(..., ...)\l"];
519[shape=box,label="[B519]\l0: ref.assign(..., ...)\l"];
520[shape=box,label="[B520]\l0: vector.ref.elem(v30, ...)\l"];
521[shape=box,label="[B521]\l0: CAST<uint<4>>\l"];
522[shape=box,label="[B522]\l0: real.sub(..., ...)\l"];
523[shape=box,label="[B523]\l0: ref.deref(...)\l"];
524[shape=box,label="[B524]\l0: vector.ref.elem(v30, ...)\l"];
525[shape=box,label="[B525]\l0: CAST<uint<4>>\l"];
526[shape=box,label="[B526]\l0: real.mul(..., ...)\l"];
527[shape=box,label="[B527]\l0: ref.deref(...)\l"];
528[shape=box,label="[B528]\l0: composite.ref.elem(..., mult, type<real<8>>)\l"];
529[shape=box,label="[B529]\l0: array.ref.elem.1D(..., 0)\l"];
530[shape=box,label="[B530]\l0: ref.deref(v33)\l"];
531[shape=box,label="[B531]\l0: ref.deref(...)\l"];
532[shape=box,label="[B532]\l0: vector.ref.elem(v35, ...)\l"];
533[shape=box,label="[B533]\l0: CAST<uint<4>>\l"];
534[shape=box,label="[B534]\l0: ref.assign(vector.ref.elem(v30, CAST<uint<4>>(1)), (( *vector.ref.elem(v30, CAST<uint<4>>(1)))-((( *composite.ref.elem(array.ref.elem.1D(( *v33), 0), mult, type<real<8>>))/((( *v36)*( *v36))*( *v36)))*( *vector.ref.elem(v35, CAST<uint<4>>(1))))))\l"];
535[shape=box,label="[B535]\l0: vector.ref.elem(v30, ...)\l"];
536[shape=box,label="[B536]\l0: CAST<uint<4>>\l"];
537[shape=box,label="[B537]\l0: real.sub(..., ...)\l"];
538[shape=box,label="[B538]\l0: ref.deref(...)\l"];
539[shape=box,label="[B539]\l0: vector.ref.elem(v30, ...)\l"];
540[shape=box,label="[B540]\l0: CAST<uint<4>>\l"];
541[shape=box,label="[B541]\l0: real.mul(..., ...)\l"];
542[shape=box,label="[B542]\l0: ref.deref(...)\l"];
543[shape=box,label="[B543]\l0: composite.ref.elem(..., mult, type<real<8>>)\l"];
544[shape=box,label="[B544]\l0: array.ref.elem.1D(..., 0)\l"];
545[shape=box,label="[B545]\l0: ref.deref(v33)\l"];
546[shape=box,label="[B546]\l0: ref.deref(...)\l"];
547[shape=box,label="[B547]\l0: vector.ref.elem(v35, ...)\l"];
548[shape=box,label="[B548]\l0: CAST<uint<4>>\l"];
549[shape=box,label="[B549]\l0: ref.assign(..., ...)\l"];
550[shape=box,label="[B550]\l0: vector.ref.elem(v30, ...)\l"];
551[shape=box,label="[B551]\l0: CAST<uint<4>>\l"];
552[shape=box,label="[B552]\l0: real.sub(..., ...)\l"];
553[shape=box,label="[B553]\l0: ref.deref(...)\l"];
554[shape=box,label="[B554]\l0: vector.ref.elem(v30, ...)\l"];
555[shape=box,label="[B555]\l0: CAST<uint<4>>\l"];
556[shape=box,label="[B556]\l0: real.mul(..., ...)\l"];
557[shape=box,label="[B557]\l0: real.div(..., ...)\l"];
558[shape=box,label="[B558]\l0: ref.deref(...)\l"];
559[shape=box,label="[B559]\l0: composite.ref.elem(..., mult, type<real<8>>)\l"];
560[shape=box,label="[B560]\l0: array.ref.elem.1D(..., 0)\l"];
561[shape=box,label="[B561]\l0: ref.deref(v33)\l"];
562[shape=box,label="[B562]\l0: real.mul(..., ...)\l"];
563[shape=box,label="[B563]\l0: real.mul(..., ...)\l"];
564[shape=box,label="[B564]\l0: ref.deref(v36)\l"];
565[shape=box,label="[B565]\l0: ref.deref(v36)\l"];
566[shape=box,label="[B566]\l0: ref.deref(v36)\l"];
567[shape=box,label="[B567]\l0: ref.deref(...)\l"];
568[shape=box,label="[B568]\l0: vector.ref.elem(v35, ...)\l"];
569[shape=box,label="[B569]\l0: CAST<uint<4>>\l"];
570[shape=box,label="[B570]\l0: decl v36 = ...\l"];
571[shape=box,label="[B571]\l0: vector.ref.elem(v30, ...)\l"];
572[shape=box,label="[B572]\l0: CAST<uint<4>>\l"];
573[shape=box,label="[B573]\l0: real.sub(..., ...)\l"];
574[shape=box,label="[B574]\l0: ref.deref(...)\l"];
575[shape=box,label="[B575]\l0: vector.ref.elem(v30, ...)\l"];
576[shape=box,label="[B576]\l0: CAST<uint<4>>\l"];
577[shape=box,label="[B577]\l0: real.mul(..., ...)\l"];
578[shape=box,label="[B578]\l0: real.div(..., ...)\l"];
579[shape=box,label="[B579]\l0: ref.deref(...)\l"];
580[shape=box,label="[B580]\l0: composite.ref.elem(..., mult, type<real<8>>)\l"];
581[shape=box,label="[B581]\l0: array.ref.elem.1D(..., 0)\l"];
582[shape=box,label="[B582]\l0: ref.deref(v33)\l"];
583[shape=box,label="[B583]\l0: real.mul(..., ...)\l"];
584[shape=box,label="[B584]\l0: real.mul(..., ...)\l"];
585[shape=box,label="[B585]\l0: ref.deref(v36)\l"];
586[shape=box,label="[B586]\l0: ref.deref(v36)\l"];
587[shape=box,label="[B587]\l0: ref.deref(v36)\l"];
588[shape=box,label="[B588]\l0: ref.deref(...)\l"];
589[shape=box,label="[B589]\l0: vector.ref.elem(v35, ...)\l"];
590[shape=box,label="[B590]\l0: CAST<uint<4>>\l"];
591[shape=box,label="[B591]\l0: ref.var(...)\l"];
592[shape=box,label="[B592]\l"];
593[shape=box,label="[B593]\l0: sqrt(...)\l"];
594[shape=box,label="[B594]\l0: real.add(..., ...)\l"];
595[shape=box,label="[B595]\l0: real.add(..., ...)\l"];
596[shape=box,label="[B596]\l0: real.mul(..., ...)\l"];
597[shape=box,label="[B597]\l0: real.sub(..., ...)\l"];
598[shape=box,label="[B598]\l0: ref.deref(...)\l"];
599[shape=box,label="[B599]\l0: vector.ref.elem(v27, ...)\l"];
600[shape=box,label="[B600]\l0: CAST<uint<4>>\l"];
601[shape=box,label="[B601]\l0: ref.deref(...)\l"];
602[shape=box,label="[B602]\l0: vector.ref.elem(..., ...)\l"];
603[shape=box,label="[B603]\l0: composite.ref.elem(..., pos, type<vector<real<8>,2>>)\l"];
604[shape=box,label="[B604]\l0: array.ref.elem.1D(..., 0)\l"];
605[shape=box,label="[B605]\l0: ref.deref(v33)\l"];
606[shape=box,label="[B606]\l0: CAST<uint<4>>\l"];
607[shape=box,label="[B607]\l0: real.sub(..., ...)\l"];
608[shape=box,label="[B608]\l0: ref.deref(...)\l"];
609[shape=box,label="[B609]\l0: vector.ref.elem(v27, ...)\l"];
610[shape=box,label="[B610]\l0: CAST<uint<4>>\l"];
611[shape=box,label="[B611]\l0: ref.deref(...)\l"];
612[shape=box,label="[B612]\l0: vector.ref.elem(..., ...)\l"];
613[shape=box,label="[B613]\l0: composite.ref.elem(..., pos, type<vector<real<8>,2>>)\l"];
614[shape=box,label="[B614]\l0: array.ref.elem.1D(..., 0)\l"];
615[shape=box,label="[B615]\l0: ref.deref(v33)\l"];
616[shape=box,label="[B616]\l0: CAST<uint<4>>\l"];
617[shape=box,label="[B617]\l0: real.mul(..., ...)\l"];
618[shape=box,label="[B618]\l0: real.sub(..., ...)\l"];
619[shape=box,label="[B619]\l0: ref.deref(...)\l"];
620[shape=box,label="[B620]\l0: vector.ref.elem(v27, ...)\l"];
621[shape=box,label="[B621]\l0: CAST<uint<4>>\l"];
622[shape=box,label="[B622]\l0: ref.deref(...)\l"];
623[shape=box,label="[B623]\l0: vector.ref.elem(..., ...)\l"];
624[shape=box,label="[B624]\l0: composite.ref.elem(..., pos, type<vector<real<8>,2>>)\l"];
625[shape=box,label="[B625]\l0: array.ref.elem.1D(..., 0)\l"];
626[shape=box,label="[B626]\l0: ref.deref(v33)\l"];
627[shape=box,label="[B627]\l0: CAST<uint<4>>\l"];
628[shape=box,label="[B628]\l0: real.sub(..., ...)\l"];
629[shape=box,label="[B629]\l0: ref.deref(...)\l"];
630[shape=box,label="[B630]\l0: vector.ref.elem(v27, ...)\l"];
631[shape=box,label="[B631]\l0: CAST<uint<4>>\l"];
632[shape=box,label="[B632]\l0: ref.deref(...)\l"];
633[shape=box,label="[B633]\l0: vector.ref.elem(..., ...)\l"];
634[shape=box,label="[B634]\l0: composite.ref.elem(..., pos, type<vector<real<8>,2>>)\l"];
635[shape=box,label="[B635]\l0: array.ref.elem.1D(..., 0)\l"];
636[shape=box,label="[B636]\l0: ref.deref(v33)\l"];
637[shape=box,label="[B637]\l0: CAST<uint<4>>\l"];
638[shape=box,label="[B638]\l0: real.mul(v23, v23)\l"];
639[shape=box,label="[B639]\l0: decl v35 = ...\l"];
640[shape=box,label="[B640]\l0: CAST<uint<4>>(...)\l"];
641[shape=box,label="[B641]\l0: ref.deref(...)\l"];
642[shape=box,label="[B642]\l0: composite.ref.elem(..., type, type<int<4>>)\l"];
643[shape=box,label="[B643]\l0: array.ref.elem.1D(..., 0)\l"];
644[shape=box,label="[B644]\l0: ref.deref(v33)\l"];
645[shape=box,label="[B645]\l0: CAST<uint<4>>\l"];
646[shape=box,label="[B646]\l0: ref.var([(( *vector.ref.elem(v27, CAST<uint<4>>(0)))-( *vector.ref.elem(composite.ref.elem(array.ref.elem.1D(( *v33), 0), pos, type<vector<real<8>,2>>), CAST<uint<4>>(0)))), (( *vector.ref.elem(v27, CAST<uint<4>>(1)))-( *vector.ref.elem(composite.ref.elem(array.ref.elem.1D(( *v33), 0), pos, type<vector<real<8>,2>>), CAST<uint<4>>(1))))])\l"];
648[shape=box,label="[B648]\l0: decl v33 = ...\l"];
649[shape=box,label="[B649]\l0: ref.var(...)\l"];
651[shape=box,label="[B651]\l0: scalar.to.array(...)\l"];
652[shape=box,label="[B652]\l0: array.ref.elem.1D(v19, v44)\l"];
653[shape=box,label="[B653]\l0: decl uint<4> v44 = CAST<uint<4>>(0) <LOOP_INIT>\l"];
654[shape=box,label="[B654]\l0: ref.assign(..., ...)\l"];
655[shape=box,label="[B655]\l0: ref.assign(..., ...)\l"];
656[shape=box,label="[B656]\l0: vector.ref.elem(v30, ...)\l"];
657[shape=box,label="[B657]\l0: CAST<uint<4>>\l"];
658[shape=box,label="[B658]\l0: CAST<real<8>>\l"];
659[shape=box,label="[B659]\l0: ref.assign(..., ...)\l"];
660[shape=box,label="[B660]\l0: vector.ref.elem(v30, ...)\l"];
661[shape=box,label="[B661]\l0: CAST<uint<4>>\l"];
662[shape=box,label="[B662]\l0: CAST<real<8>>\l"];
663[shape=box,label="[B663]\l0: ref.assign(..., ...)\l"];
664[shape=box,label="[B664]\l0: vector.ref.elem(v27, ...)\l"];
665[shape=box,label="[B665]\l0: CAST<uint<4>>\l"];
666[shape=box,label="[B666]\l0: real.add(..., ...)\l"];
667[shape=box,label="[B667]\l0: ref.deref(...)\l"];
668[shape=box,label="[B668]\l0: vector.ref.elem(v27, ...)\l"];
669[shape=box,label="[B669]\l0: CAST<uint<4>>\l"];
670[shape=box,label="[B670]\l0: real.add(..., ...)\l"];
671[shape=box,label="[B671]\l0: real.mul(..., v21)\l"];
672[shape=box,label="[B672]\l0: ref.deref(...)\l"];
673[shape=box,label="[B673]\l0: vector.ref.elem(v28, ...)\l"];
674[shape=box,label="[B674]\l0: CAST<uint<4>>\l"];
675[shape=box,label="[B675]\l0: real.mul(..., ...)\l"];
676[shape=box,label="[B676]\l0: ref.deref(v32)\l"];
677[shape=box,label="[B677]\l0: real.sub(..., ...)\l"];
678[shape=box,label="[B678]\l0: real.mul(..., ...)\l"];
679[shape=box,label="[B679]\l0: real.div(2.0, 3.0)\l"];
680[shape=box,label="[B680]\l0: ref.deref(...)\l"];
681[shape=box,label="[B681]\l0: vector.ref.elem(v29, ...)\l"];
682[shape=box,label="[B682]\l0: CAST<uint<4>>\l"];
683[shape=box,label="[B683]\l0: real.mul(..., ...)\l"];
684[shape=box,label="[B684]\l0: real.div(1.0, 6.0)\l"];
685[shape=box,label="[B685]\l0: ref.deref(...)\l"];
686[shape=box,label="[B686]\l0: vector.ref.elem(v31, ...)\l"];
687[shape=box,label="[B687]\l0: CAST<uint<4>>\l"];
688[shape=box,label="[B688]\l"];
689[shape=box,label="[B689]\l0: vector.ref.elem(v27, ...)\l"];
690[shape=box,label="[B690]\l0: CAST<uint<4>>\l"];
691[shape=box,label="[B691]\l0: real.add(..., ...)\l"];
692[shape=box,label="[B692]\l0: ref.deref(...)\l"];
693[shape=box,label="[B693]\l0: vector.ref.elem(v27, ...)\l"];
694[shape=box,label="[B694]\l0: CAST<uint<4>>\l"];
695[shape=box,label="[B695]\l0: real.add(..., ...)\l"];
696[shape=box,label="[B696]\l0: real.mul(..., v21)\l"];
697[shape=box,label="[B697]\l0: ref.deref(...)\l"];
698[shape=box,label="[B698]\l0: vector.ref.elem(v28, ...)\l"];
699[shape=box,label="[B699]\l0: CAST<uint<4>>\l"];
700[shape=box,label="[B700]\l0: real.mul(..., ...)\l"];
701[shape=box,label="[B701]\l0: ref.deref(v32)\l"];
702[shape=box,label="[B702]\l0: real.sub(..., ...)\l"];
703[shape=box,label="[B703]\l0: real.mul(..., ...)\l"];
704[shape=box,label="[B704]\l0: real.div(2.0, 3.0)\l"];
705[shape=box,label="[B705]\l0: ref.deref(...)\l"];
706[shape=box,label="[B706]\l0: vector.ref.elem(v29, ...)\l"];
707[shape=box,label="[B707]\l0: CAST<uint<4>>\l"];
708[shape=box,label="[B708]\l0: real.mul(..., ...)\l"];
709[shape=box,label="[B709]\l0: real.div(1.0, 6.0)\l"];
710[shape=box,label="[B710]\l0: ref.deref(...)\l"];
711[shape=box,label="[B711]\l0: vector.ref.elem(v31, ...)\l"];
712[shape=box,label="[B712]\l0: CAST<uint<4>>\l"];
713[shape=box,label="[B713]\l0: decl uint<8> v51 = CAST<uint<8>>(0) <LOOP_INIT>\l"];
714[shape=box,label="[B714]\l0: decl v32 = ...\l"];
715[shape=box,label="[B715]\l0: ref.var(...)\l"];
717[shape=box,label="[B717]\l0: sqrt(v21)\l"];
718[shape=box,label="[B718]\l0: decl v31 = ...\l"];
719[shape=box,label="[B719]\l0: ref.var([CAST<real<8>>(0), CAST<real<8>>(0)])\l"];
721[shape=box,label="[B721]\l0: decl v30 = ...\l"];
722[shape=box,label="[B722]\l0: ref.var([CAST<real<8>>(0), CAST<real<8>>(0)])\l"];
724[shape=box,label="[B724]\l0: decl v29 = ...\l"];
725[shape=box,label="[B725]\l0: ref.var([CAST<real<8>>(0), CAST<real<8>>(0)])\l"];
727[shape=box,label="[B727]\l0: decl v28 = ...\l"];
728[shape=box,label="[B728]\l0: ref.var([CAST<real<8>>(0), CAST<real<8>>(0)])\l"];
730[shape=box,label="[B730]\l0: decl v27 = ...\l"];
731[shape=box,label="[B731]\l0: ref.var([v17, v18])\l"];
733[shape=box,label="CALL"];
734[shape=box,label="RET"];
735[shape=box,label="[B735]\l0: ref.deref(v107)\l"];
736[shape=box,label="[B736]\l0: ref.deref(v109)\l"];
737[shape=box,label="[B737]\l0: ref.deref(v89)\l"];
738[shape=box,label="[B738]\l0: ref.deref(v95)\l"];
739[shape=box,label="[B739]\l0: ref.deref(v99)\l"];
740[shape=box,label="[B740]\l0: ref.deref(v100)\l"];
741[shape=box,label="[B741]\l0: ref.deref(v101)\l"];
742[shape=box,label="[B742]\l0: ref.deref(v102)\l"];
743[shape=box,label="[B743]\l0: ref.deref(v103)\l"];
744[shape=box,label="[B744]\l0: ref.deref(v104)\l"];
745[shape=box,label="[B745]\l0: ref.var(...)\l"];
746[shape=box,label="[B746]\l0: decl v107 = ...\l"];
747[shape=box,label="[B747]\l0: real.mul(..., ...)\l"];
748[shape=box,label="[B748]\l0: real.add(..., ...)\l"];
749[shape=box,label="[B749]\l0: real.sub(..., 1.0)\l"];
750[shape=box,label="[B750]\l0: CAST<real<8>>\l"];
751[shape=box,label="[B751]\l0: real.mul(..., 2.0)\l"];
752[shape=box,label="[B752]\l0: real.div(..., ...)\l"];
753[shape=box,label="[B753]\l0: CAST<real<8>>\l"];
754[shape=box,label="[B754]\l0: CAST<real<8>>\l"];
755[shape=box,label="[B755]\l0: int.sub(..., 1)\l"];
756[shape=box,label="[B756]\l0: ref.deref(v97)\l"];
757[shape=box,label="[B757]\l0: ref.deref(v98)\l"];
758[shape=box,label="[B758]\l0: ref.var(...)\l"];
759[shape=box,label="[B759]\l"];
760[shape=box,label="[B760]\l0: real.mul(..., ...)\l"];
761[shape=box,label="[B761]\l0: real.add(..., ...)\l"];
762[shape=box,label="[B762]\l0: real.sub(..., 1.0)\l"];
763[shape=box,label="[B763]\l0: CAST<real<8>>\l"];
764[shape=box,label="[B764]\l0: real.mul(..., 2.0)\l"];
765[shape=box,label="[B765]\l0: real.div(..., ...)\l"];
766[shape=box,label="[B766]\l0: CAST<real<8>>\l"];
767[shape=box,label="[B767]\l0: CAST<real<8>>\l"];
768[shape=box,label="[B768]\l0: int.sub(..., 1)\l"];
769[shape=box,label="[B769]\l0: ref.deref(v96)\l"];
770[shape=box,label="[B770]\l0: ref.deref(v98)\l"];
771[shape=box,label="[B771]\l0: decl int<4> v112 = 0 <LOOP_INIT>\l"];
772[shape=box,label="[B772]\l0: decl int<4> v113 = 0 <LOOP_INIT>\l"];
773[shape=box,label="[B773]\l0: decl v106 = ...\l"];
774[shape=box,label="[B774]\l0: ref.var(...)\l"];
775[shape=box,label="[B775]\l0: decl v105 = ...\l"];
776[shape=diamond,label="ENTRY"];
777[shape=diamond,label="EXIT"];
778[shape=box,label="[B778]\l0: struct{data:=( var(( *( *v13)))), x:=v10, y:=v11}\lT: RETURN\l"];
779[shape=box,label="[B779]\l0: v10 <CTRL>\lT: FOR( ... ; v15 < v10; ...)\l"];
780[shape=box,label="[B780]\l0: v15 += 1 <LOOP_INC>\l"];
781[shape=box,label="[B781]\l0: ref.assign(..., ...)\l"];
782[shape=box,label="[B782]\l"];
783[shape=box,label="[B783]\l0: array.ref.elem.1D(..., ...)\l"];
784[shape=box,label="[B784]\l0: ref.deref(v13)\l"];
785[shape=box,label="[B785]\l0: CAST<uint<4>>\l"];
786[shape=box,label="[B786]\l0: scalar.to.array(...)\l"];
787[shape=box,label="[B787]\l0: array.ref.elem.1D(..., ...)\l"];
788[shape=box,label="[B788]\l0: ref.deref(v12)\l"];
789[shape=box,label="[B789]\l0: CAST<uint<4>>\l"];
790[shape=box,label="[B790]\l0: int.mul(v15, v10)\l"];
791[shape=box,label="[B791]\l0: decl int<4> v15 = 0 <LOOP_INIT>\l"];
792[shape=box,label="[B792]\l0: decl v13 = ...\l"];
793[shape=box,label="[B793]\l0: ref.var(...)\l"];
794[shape=box,label="[B794]\l0: decl v12 = ...\l"];
795[shape=box,label="[B795]\l0: ref.new(...)\l"];
796[shape=box,label="[B796]\l0: array.create.1D(type<ref<array<uint<4>,1>>>, ...)\l"];
797[shape=box,label="[B797]\l0: uint.div(..., ...)\l"];
798[shape=box,label="[B798]\l0: uint.mul(..., ...)\l"];
799[shape=box,label="[B799]\l0: sizeof(type<array<uint<4>,1>>)\l"];
800[shape=box,label="[B800]\l0: CAST<uint<8>>\l"];
801[shape=box,label="[B801]\l0: sizeof(type<array<uint<4>,1>>)\l"];
802[shape=box,label="[B802]\l0: ref.var(...)\l"];
804[shape=box,label="[B804]\l0: ref.new(...)\l"];
805[shape=box,label="[B805]\l0: array.create.1D(type<uint<4>>, ...)\l"];
806[shape=box,label="[B806]\l0: uint.div(..., ...)\l"];
807[shape=box,label="[B807]\l0: uint.mul(..., ...)\l"];
808[shape=box,label="[B808]\l0: uint.mul(..., ...)\l"];
809[shape=box,label="[B809]\l0: sizeof(type<uint<4>>)\l"];
810[shape=box,label="[B810]\l0: CAST<uint<8>>\l"];
811[shape=box,label="[B811]\l0: CAST<uint<8>>\l"];
812[shape=box,label="[B812]\l0: sizeof(type<uint<4>>)\l"];
813[shape=box,label="CALL"];
814[shape=box,label="RET"];
815[shape=box,label="[B815]\l0: ref.deref(v96)\l"];
816[shape=box,label="[B816]\l0: ref.deref(v97)\l"];
817[shape=box,label="[B817]\l0: ref.var(...)\l"];
818[shape=box,label="[B818]\l0: decl v104 = ...\l"];
819[shape=box,label="CALL"];
820[shape=box,label="RET"];
821[shape=box,label="[B821]\l0: ref.deref(v96)\l"];
822[shape=box,label="[B822]\l0: ref.deref(v97)\l"];
823[shape=box,label="[B823]\l0: ref.var(...)\l"];
825[shape=box,label="[B825]\l0: ref.deref(...)\l"];
826[shape=box,label="[B826]\l0: composite.ref.elem(v88, abortVelocity, type<real<8>>)\l"];
827[shape=box,label="[B827]\l0: decl v103 = ...\l"];
828[shape=box,label="[B828]\l0: ref.var(...)\l"];
830[shape=box,label="[B830]\l0: ref.deref(...)\l"];
831[shape=box,label="[B831]\l0: composite.ref.elem(v88, maxSteps, type<uint<8>>)\l"];
832[shape=box,label="[B832]\l0: decl v102 = ...\l"];
833[shape=box,label="[B833]\l0: ref.var(...)\l"];
835[shape=box,label="[B835]\l0: ref.deref(...)\l"];
836[shape=box,label="[B836]\l0: composite.ref.elem(v88, minSteps, type<uint<4>>)\l"];
837[shape=box,label="[B837]\l0: decl v101 = ...\l"];
838[shape=box,label="[B838]\l0: ref.var(...)\l"];
840[shape=box,label="[B840]\l0: ref.deref(...)\l"];
841[shape=box,label="[B841]\l0: composite.ref.elem(v88, height, type<real<8>>)\l"];
842[shape=box,label="[B842]\l0: decl v100 = ...\l"];
843[shape=box,label="[B843]\l0: ref.var(...)\l"];
845[shape=box,label="[B845]\l0: ref.deref(...)\l"];
846[shape=box,label="[B846]\l0: composite.ref.elem(v88, friction, type<real<8>>)\l"];
847[shape=box,label="[B847]\l0: decl v99 = ...\l"];
848[shape=box,label="[B848]\l0: ref.var(...)\l"];
850[shape=box,label="[B850]\l0: ref.deref(...)\l"];
851[shape=box,label="[B851]\l0: composite.ref.elem(v88, dt, type<real<8>>)\l"];
852[shape=box,label="[B852]\l0: decl v98 = ...\l"];
853[shape=box,label="[B853]\l0: ref.var(...)\l"];
855[shape=box,label="[B855]\l0: ref.deref(...)\l"];
856[shape=box,label="[B856]\l0: composite.ref.elem(v88, scale, type<real<8>>)\l"];
857[shape=box,label="[B857]\l0: decl v97 = ...\l"];
858[shape=box,label="[B858]\l0: ref.var(...)\l"];
860[shape=box,label="[B860]\l0: ref.deref(...)\l"];
861[shape=box,label="[B861]\l0: composite.ref.elem(v88, y, type<int<4>>)\l"];
862[shape=box,label="[B862]\l0: decl v96 = ...\l"];
863[shape=box,label="[B863]\l0: ref.var(...)\l"];
865[shape=box,label="[B865]\l0: ref.deref(...)\l"];
866[shape=box,label="[B866]\l0: composite.ref.elem(v88, x, type<int<4>>)\l"];
867[shape=box,label="[B867]\l0: decl v95 = ...\l"];
868[shape=box,label="[B868]\l0: ref.var(...)\l"];
870[shape=box,label="[B870]\l0: ref.deref(...)\l"];
871[shape=box,label="[B871]\l0: composite.ref.elem(v88, numSources, type<uint<4>>)\l"];
872[shape=box,label="[B872]\l0: int.gt(v86, 1)\lT: IF(...)\l"];
873[shape=box,label="[B873]\l0: uint.lt(CAST<uint<4>>(( *v94)), ( *composite.ref.elem(v88, numSources, type<uint<4>>)))\lT: WHILE(...)\l"];
874[shape=box,label="[B874]\l0: int.ne(..., 35)\lT: IF(...)\l"];
875[shape=box,label="[B875]\l0: ref.assign(..., ...)\l"];
876[shape=box,label="[B876]\l"];
877[shape=box,label="[B877]\l0: array.ref.elem.1D(..., ...)\l"];
878[shape=box,label="[B878]\l0: ref.deref(v89)\l"];
879[shape=box,label="[B879]\l0: CAST<uint<4>>\l"];
880[shape=box,label="[B880]\l0: int.postInc(v94)\l"];
881[shape=diamond,label="ENTRY"];
882[shape=diamond,label="EXIT"];
883[shape=box,label="[B883]\l0: ref.deref(v58)\lT: RETURN\l"];
885[shape=box,label="[B885]\l0: ref.assign(..., ...)\l"];
886[shape=box,label="[B886]\l0: ref.assign(v59, ...)\l"];
887[shape=box,label="[B887]\l0: composite.ref.elem(v58, size, type<real<8>>)\l"];
888[shape=box,label="[B888]\l0: atof(...)\l"];
889[shape=box,label="[B889]\l0: ref.deref(v59)\l"];
890[shape=box,label="[B890]\l0: ref.assign(..., ...)\l"];
891[shape=box,label="[B891]\l0: strtok(..., ...)\l"];
892[shape=box,label="[B892]\l0: get.null(type<array<char,1>>)\l"];
893[shape=box,label="[B893]\l0: string.as.char.pointer(\" ,\")\l"];
894[shape=box,label="[B894]\l0: ref.assign(v59, ...)\l"];
895[shape=box,label="[B895]\l0: composite.ref.elem(v58, mult, type<real<8>>)\l"];
896[shape=box,label="[B896]\l0: atof(...)\l"];
897[shape=box,label="[B897]\l0: ref.deref(v59)\l"];
898[shape=box,label="[B898]\l0: ref.assign(..., ...)\l"];
899[shape=box,label="[B899]\l0: strtok(..., ...)\l"];
900[shape=box,label="[B900]\l0: get.null(type<array<char,1>>)\l"];
901[shape=box,label="[B901]\l0: string.as.char.pointer(\" ,\")\l"];
902[shape=box,label="[B902]\l0: ref.assign(v59, ...)\l"];
903[shape=box,label="[B903]\l0: vector.ref.elem(..., ...)\l"];
904[shape=box,label="[B904]\l0: composite.ref.elem(v58, pos, type<vector<real<8>,2>>)\l"];
905[shape=box,label="[B905]\l0: CAST<uint<4>>\l"];
906[shape=box,label="[B906]\l0: atof(...)\l"];
907[shape=box,label="[B907]\l0: ref.deref(v59)\l"];
908[shape=box,label="[B908]\l0: ref.assign(..., ...)\l"];
909[shape=box,label="[B909]\l0: strtok(..., ...)\l"];
910[shape=box,label="[B910]\l0: get.null(type<array<char,1>>)\l"];
911[shape=box,label="[B911]\l0: string.as.char.pointer(\" ,\")\l"];
912[shape=box,label="[B912]\l0: ref.assign(v59, ...)\l"];
913[shape=box,label="[B913]\l0: vector.ref.elem(..., ...)\l"];
914[shape=box,label="[B914]\l0: composite.ref.elem(v58, pos, type<vector<real<8>,2>>)\l"];
915[shape=box,label="[B915]\l0: CAST<uint<4>>\l"];
916[shape=box,label="[B916]\l0: atof(...)\l"];
917[shape=box,label="[B917]\l0: ref.deref(v59)\l"];
918[shape=box,label="[B918]\l"];
919[shape=box,label="[B919]\l0: strtok(..., ...)\l"];
920[shape=box,label="[B920]\l0: get.null(type<array<char,1>>)\l"];
921[shape=box,label="[B921]\l0: string.as.char.pointer(\" ,\")\l"];
922[shape=box,label="[B922]\l0: int.eq(..., 0)\lT: IF(...)\l"];
923[shape=box,label="[B923]\l0: ref.assign(..., 0)\l"];
925[shape=box,label="[B925]\l0: composite.ref.elem(v58, type, type<int<4>>)\l"];
926[shape=box,label="[B926]\l0: ref.assign(..., 1)\l"];
928[shape=box,label="[B928]\l0: composite.ref.elem(v58, type, type<int<4>>)\l"];
929[shape=box,label="[B929]\l0: decl v59 = ...\l"];
930[shape=box,label="[B930]\l0: strcmp(..., ...)\l"];
931[shape=box,label="[B931]\l0: ref.deref(v59)\l"];
932[shape=box,label="[B932]\l0: string.as.char.pointer(\"Linear\")\l"];
933[shape=box,label="[B933]\l0: ref.var(...)\l"];
935[shape=box,label="[B935]\l0: strtok(v57, ...)\l"];
936[shape=box,label="[B936]\l0: string.as.char.pointer(\" ,\")\l"];
937[shape=box,label="[B937]\l0: decl v58 = ...\l"];
938[shape=box,label="[B938]\l0: ref.var(...)\l"];
940[shape=box,label="[B940]\l0: undefined(type<struct<type:int<4>,pos:vector<real<8>,2>,mult:real<8>,size:real<8>>>)\l"];
941[shape=box,label="CALL"];
942[shape=box,label="RET"];
943[shape=box,label="[B943]\l0: ref.deref(v92)\l"];
944[shape=box,label="[B944]\l0: ref.assign(v93, ...)\l"];
945[shape=box,label="[B945]\l0: CAST<int<4>>(...)\l"];
946[shape=box,label="[B946]\l0: ref.deref(...)\l"];
947[shape=box,label="[B947]\l0: array.ref.elem.1D(..., ...)\l"];
948[shape=box,label="[B948]\l0: ref.deref(v92)\l"];
949[shape=box,label="[B949]\l0: CAST<uint<4>>\l"];
951[shape=box,label="[B951]\l0: strchr(..., 0)\l"];
952[shape=box,label="[B952]\l0: ref.deref(v92)\l"];
953[shape=box,label="[B953]\l0: ref.assign(v92, ...)\l"];
954[shape=box,label="[B954]\l"];
955[shape=box,label="[B955]\l0: strtok(..., ...)\l"];
956[shape=box,label="[B956]\l0: scalar.to.array(...)\l"];
957[shape=box,label="[B957]\l0: array.ref.elem.1D(..., ...)\l"];
958[shape=box,label="[B958]\l0: ref.deref(v93)\l"];
959[shape=box,label="[B959]\l0: CAST<uint<4>>\l"];
960[shape=box,label="[B960]\l0: string.as.char.pointer(\"\n\r\")\l"];
961[shape=box,label="[B961]\l0: decl v94 = ...\l"];
962[shape=box,label="[B962]\l0: CAST<uint<4>>(...)\l"];
963[shape=box,label="[B963]\l0: ref.deref(v94)\l"];
964[shape=box,label="[B964]\l0: ref.deref(...)\l"];
965[shape=box,label="[B965]\l0: composite.ref.elem(v88, numSources, type<uint<4>>)\l"];
966[shape=box,label="[B966]\l0: ref.var(0)\l"];
968[shape=box,label="[B968]\l0: ref.assign(v89, ...)\l"];
969[shape=box,label="[B969]\l0: ref.assign(v88, ...)\l"];
970[shape=box,label="[B970]\l0: ref.new(...)\l"];
971[shape=box,label="[B971]\l0: array.create.1D(type<struct<type:int<4>,pos:vector<real<8>,2>,mult:real<8>,size:real<8>>>, ...)\l"];
972[shape=box,label="[B972]\l0: uint.div(..., ...)\l"];
973[shape=box,label="[B973]\l0: CAST<uint<8>>(...)\l"];
974[shape=box,label="[B974]\l0: ref.deref(...)\l"];
975[shape=box,label="[B975]\l0: composite.ref.elem(v88, numSources, type<uint<4>>)\l"];
976[shape=box,label="[B976]\l0: sizeof(type<struct<type:int<4>,pos:vector<real<8>,2>,mult:real<8>,size:real<8>>>)\l"];
978[shape=diamond,label="ENTRY"];
979[shape=diamond,label="EXIT"];
980[shape=box,label="[B980]\l0: ref.deref(v54)\lT: RETURN\l"];
982[shape=box,label="[B982]\l0: ref.assign(..., ...)\l"];
983[shape=box,label="[B983]\l0: ref.assign(v55, ...)\l"];
984[shape=box,label="[B984]\l0: composite.ref.elem(v54, maxSteps, type<uint<8>>)\l"];
985[shape=box,label="[B985]\l0: CAST<uint<8>>\l"];
986[shape=box,label="[B986]\l0: atol(...)\l"];
987[shape=box,label="[B987]\l0: ref.deref(v55)\l"];
988[shape=box,label="[B988]\l0: ref.assign(..., ...)\l"];
989[shape=box,label="[B989]\l0: strtok(..., ...)\l"];
990[shape=box,label="[B990]\l0: get.null(type<array<char,1>>)\l"];
991[shape=box,label="[B991]\l0: string.as.char.pointer(\" ,\")\l"];
992[shape=box,label="[B992]\l0: ref.assign(v55, ...)\l"];
993[shape=box,label="[B993]\l0: composite.ref.elem(v54, minSteps, type<uint<4>>)\l"];
994[shape=box,label="[B994]\l0: CAST<uint<4>>\l"];
995[shape=box,label="[B995]\l0: atoi(...)\l"];
996[shape=box,label="[B996]\l0: ref.deref(v55)\l"];
997[shape=box,label="[B997]\l0: ref.assign(..., ...)\l"];
998[shape=box,label="[B998]\l0: strtok(..., ...)\l"];
999[shape=box,label="[B999]\l0: get.null(type<array<char,1>>)\l"];
1000[shape=box,label="[B1000]\l0: string.as.char.pointer(\" ,\")\l"];
1001[shape=box,label="[B1001]\l0: ref.assign(v55, ...)\l"];
1002[shape=box,label="[B1002]\l0: composite.ref.elem(v54, abortVelocity, type<real<8>>)\l"];
1003[shape=box,label="[B1003]\l0: atof(...)\l"];
1004[shape=box,label="[B1004]\l0: ref.deref(v55)\l"];
1005[shape=box,label="[B1005]\l0: ref.assign(..., ...)\l"];
1006[shape=box,label="[B1006]\l0: strtok(..., ...)\l"];
1007[shape=box,label="[B1007]\l0: get.null(type<array<char,1>>)\l"];
1008[shape=box,label="[B1008]\l0: string.as.char.pointer(\" ,\")\l"];
1009[shape=box,label="[B1009]\l0: ref.assign(v55, ...)\l"];
1010[shape=box,label="[B1010]\l0: composite.ref.elem(v54, height, type<real<8>>)\l"];
1011[shape=box,label="[B1011]\l0: atof(...)\l"];
1012[shape=box,label="[B1012]\l0: ref.deref(v55)\l"];
1013[shape=box,label="[B1013]\l0: ref.assign(..., ...)\l"];
1014[shape=box,label="[B1014]\l0: strtok(..., ...)\l"];
1015[shape=box,label="[B1015]\l0: get.null(type<array<char,1>>)\l"];
1016[shape=box,label="[B1016]\l0: string.as.char.pointer(\" ,\")\l"];
1017[shape=box,label="[B1017]\l0: ref.assign(v55, ...)\l"];
1018[shape=box,label="[B1018]\l0: composite.ref.elem(v54, friction, type<real<8>>)\l"];
1019[shape=box,label="[B1019]\l0: atof(...)\l"];
1020[shape=box,label="[B1020]\l0: ref.deref(v55)\l"];
1021[shape=box,label="[B1021]\l0: ref.assign(..., ...)\l"];
1022[shape=box,label="[B1022]\l0: strtok(..., ...)\l"];
1023[shape=box,label="[B1023]\l0: get.null(type<array<char,1>>)\l"];
1024[shape=box,label="[B1024]\l0: string.as.char.pointer(\" ,\")\l"];
1025[shape=box,label="[B1025]\l0: ref.assign(v55, ...)\l"];
1026[shape=box,label="[B1026]\l0: composite.ref.elem(v54, dt, type<real<8>>)\l"];
1027[shape=box,label="[B1027]\l0: atof(...)\l"];
1028[shape=box,label="[B1028]\l0: ref.deref(v55)\l"];
1029[shape=box,label="[B1029]\l0: ref.assign(..., ...)\l"];
1030[shape=box,label="[B1030]\l0: strtok(..., ...)\l"];
1031[shape=box,label="[B1031]\l0: get.null(type<array<char,1>>)\l"];
1032[shape=box,label="[B1032]\l0: string.as.char.pointer(\" ,\")\l"];
1033[shape=box,label="[B1033]\l0: ref.assign(v55, ...)\l"];
1034[shape=box,label="[B1034]\l0: composite.ref.elem(v54, scale, type<real<8>>)\l"];
1035[shape=box,label="[B1035]\l0: atof(...)\l"];
1036[shape=box,label="[B1036]\l0: ref.deref(v55)\l"];
1037[shape=box,label="[B1037]\l0: ref.assign(..., ...)\l"];
1038[shape=box,label="[B1038]\l0: strtok(..., ...)\l"];
1039[shape=box,label="[B1039]\l0: get.null(type<array<char,1>>)\l"];
1040[shape=box,label="[B1040]\l0: string.as.char.pointer(\" ,\")\l"];
1041[shape=box,label="[B1041]\l0: ref.assign(v55, ...)\l"];
1042[shape=box,label="[B1042]\l0: composite.ref.elem(v54, y, type<int<4>>)\l"];
1043[shape=box,label="[B1043]\l0: atoi(...)\l"];
1044[shape=box,label="[B1044]\l0: ref.deref(v55)\l"];
1045[shape=box,label="[B1045]\l0: ref.assign(..., ...)\l"];
1046[shape=box,label="[B1046]\l0: strtok(..., ...)\l"];
1047[shape=box,label="[B1047]\l0: get.null(type<array<char,1>>)\l"];
1048[shape=box,label="[B1048]\l0: string.as.char.pointer(\" ,\")\l"];
1049[shape=box,label="[B1049]\l0: ref.assign(v55, ...)\l"];
1050[shape=box,label="[B1050]\l0: composite.ref.elem(v54, x, type<int<4>>)\l"];
1051[shape=box,label="[B1051]\l0: atoi(...)\l"];
1052[shape=box,label="[B1052]\l0: ref.deref(v55)\l"];
1053[shape=box,label="[B1053]\l0: ref.assign(..., ...)\l"];
1054[shape=box,label="[B1054]\l0: strtok(..., ...)\l"];
1055[shape=box,label="[B1055]\l0: get.null(type<array<char,1>>)\l"];
1056[shape=box,label="[B1056]\l0: string.as.char.pointer(\" ,\")\l"];
1057[shape=box,label="[B1057]\l0: decl v55 = ...\l"];
1058[shape=box,label="[B1058]\l0: composite.ref.elem(v54, numSources, type<uint<4>>)\l"];
1059[shape=box,label="[B1059]\l0: CAST<uint<4>>\l"];
1060[shape=box,label="[B1060]\l0: atoi(...)\l"];
1061[shape=box,label="[B1061]\l0: ref.deref(v55)\l"];
1062[shape=box,label="[B1062]\l0: ref.var(...)\l"];
1064[shape=box,label="[B1064]\l0: strtok(v53, ...)\l"];
1065[shape=box,label="[B1065]\l0: string.as.char.pointer(\" ,\")\l"];
1066[shape=box,label="[B1066]\l0: decl v54 = ...\l"];
1067[shape=box,label="[B1067]\l0: ref.var(...)\l"];
1069[shape=box,label="[B1069]\l0: undefined(type<struct<numSources:uint<4>,x:int<4>,y:int<4>,scale:real<8>,dt:real<8>,friction:real<8>,height:real<8>,abortVelocity:real<8>,minSteps:uint<4>,maxSteps:uint<8>>>)\l"];
1070[shape=box,label="CALL"];
1071[shape=box,label="RET"];
1072[shape=box,label="[B1072]\l0: ref.deref(v92)\l"];
1073[shape=box,label="[B1073]\l0: decl v93 = ...\l"];
1074[shape=box,label="[B1074]\l0: ref.var(...)\l"];
1076[shape=box,label="[B1076]\l0: strchr(..., 0)\l"];
1077[shape=box,label="[B1077]\l0: ref.deref(v92)\l"];
1078[shape=box,label="[B1078]\l0: int.eq(CAST<int<4>>(( *array.ref.elem.1D(( *v92), CAST<uint<4>>(0)))), 35)\lT: WHILE(...)\l"];
1079[shape=box,label="[B1079]\l0: ref.assign(v92, ...)\l"];
1080[shape=box,label="[B1080]\l"];
1081[shape=box,label="[B1081]\l0: strtok(..., ...)\l"];
1082[shape=box,label="[B1082]\l0: get.null(type<array<char,1>>)\l"];
1083[shape=box,label="[B1083]\l0: string.as.char.pointer(\"\n\r\")\l"];
1084[shape=box,label="[B1084]\l0: decl v92 = ...\l"];
1085[shape=box,label="[B1085]\l0: CAST<int<4>>(...)\l"];
1086[shape=box,label="[B1086]\l0: ref.deref(...)\l"];
1087[shape=box,label="[B1087]\l0: array.ref.elem.1D(..., ...)\l"];
1088[shape=box,label="[B1088]\l0: ref.deref(v92)\l"];
1089[shape=box,label="[B1089]\l0: CAST<uint<4>>\l"];
1090[shape=box,label="[B1090]\l0: ref.var(...)\l"];
1091[shape=box,label="[B1091]\l0: fclose(...)\l"];
1092[shape=box,label="[B1092]\l0: strtok(..., ...)\l"];
1093[shape=box,label="[B1093]\l0: ref.vector.to.ref.array(v91)\l"];
1094[shape=box,label="[B1094]\l0: string.as.char.pointer(\"\n\r\")\l"];
1096[shape=box,label="[B1096]\l0: ref.deref(v90)\l"];
1097[shape=box,label="[B1097]\l0: fread(..., ..., ..., ...)\l"];
1098[shape=box,label="[B1098]\l"];
1099[shape=box,label="[B1099]\l0: ref.to.anyref(v91)\l"];
1100[shape=box,label="[B1100]\l0: CAST<uint<8>>\l"];
1101[shape=box,label="[B1101]\l0: CAST<uint<8>>\l"];
1102[shape=box,label="[B1102]\l0: int.mul(512, 8)\l"];
1103[shape=box,label="[B1103]\l0: ref.deref(v90)\l"];
1104[shape=box,label="[B1104]\l0: ptr.eq(..., ...)\lT: IF(...)\l"];
1105[shape=box,label="[B1105]\l0: exit(1)\l"];
1107[shape=box,label="[B1107]\l0: printf(..., ...)\l"];
1108[shape=box,label="[B1108]\l"];
1109[shape=box,label="[B1109]\l0: string.as.char.pointer(\"Cannot open file.\n\")\l"];
1110[shape=box,label="[B1110]\l0: varlist.pack(())\l"];
1111[shape=box,label="[B1111]\l0: ref.assign(v90, ...)\l"];
1112[shape=box,label="[B1112]\l0: ref.deref(v90)\l"];
1113[shape=box,label="[B1113]\l0: get.null(type<array<rec '_IO_FILE{'_IO_FILE=struct<_flags:int<4>,_IO_read_ptr:ref<array<char,1>>,_IO_read_end:ref<array<char,1>>,_IO_read_base:ref<array<char,1>>,_IO_write_base:ref<array<char,1>>,_IO_write_ptr:ref<array<char,1>>,_IO_write_end:ref<array<char,1>>,_IO_buf_base:ref<array<char,1>>,_IO_buf_end:ref<array<char,1>>,_IO_save_base:ref<array<char,1>>,_IO_backup_base:ref<array<char,1>>,_IO_save_end:ref<array<char,1>>,_markers:ref<array<'_IO_marker,1>>,_chain:ref<array<'_IO_FILE,1>>,_fileno:int<4>,_flags2:int<4>,_old_offset:int<8>,_cur_column:uint<2>,_vtable_offset:char,_shortbuf:vector<char,1>,_lock:anyRef,_offset:int<8>,__pad1:anyRef,__pad2:anyRef,__pad3:anyRef,__pad4:anyRef,__pad5:uint<8>,_mode:int<4>,_unused2:vector<char,20>>, '_IO_marker=struct<_next:ref<array<'_IO_marker,1>>,_sbuf:ref<array<'_IO_FILE,1>>,_pos:int<4>>},1>>)\l"];
1114[shape=box,label="[B1114]\l0: decl v91 = ...\l"];
1115[shape=box,label="[B1115]\l0: fopen(..., ...)\l"];
1116[shape=box,label="[B1116]\l0: ref.deref(...)\l"];
1117[shape=box,label="[B1117]\l0: array.ref.elem.1D(v87, ...)\l"];
1118[shape=box,label="[B1118]\l0: CAST<uint<4>>\l"];
1119[shape=box,label="[B1119]\l0: string.as.char.pointer(\"r\")\l"];
1120[shape=box,label="[B1120]\l0: ref.var(...)\l"];
1122[shape=box,label="[B1122]\l0: undefined(type<vector<char,4096>>)\l"];
1123[shape=box,label="[B1123]\l0: decl v90 = ...\l"];
1124[shape=box,label="[B1124]\l0: ref.var(...)\l"];
1126[shape=box,label="[B1126]\l0: undefined(type<ref<array<rec '_IO_FILE{'_IO_FILE=struct<_flags:int<4>,_IO_read_ptr:ref<array<char,1>>,_IO_read_end:ref<array<char,1>>,_IO_read_base:ref<array<char,1>>,_IO_write_base:ref<array<char,1>>,_IO_write_ptr:ref<array<char,1>>,_IO_write_end:ref<array<char,1>>,_IO_buf_base:ref<array<char,1>>,_IO_buf_end:ref<array<char,1>>,_IO_save_base:ref<array<char,1>>,_IO_backup_base:ref<array<char,1>>,_IO_save_end:ref<array<char,1>>,_markers:ref<array<'_IO_marker,1>>,_chain:ref<array<'_IO_FILE,1>>,_fileno:int<4>,_flags2:int<4>,_old_offset:int<8>,_cur_column:uint<2>,_vtable_offset:char,_shortbuf:vector<char,1>,_lock:anyRef,_offset:int<8>,__pad1:anyRef,__pad2:anyRef,__pad3:anyRef,__pad4:anyRef,__pad5:uint<8>,_mode:int<4>,_unused2:vector<char,20>>, '_IO_marker=struct<_next:ref<array<'_IO_marker,1>>,_sbuf:ref<array<'_IO_FILE,1>>,_pos:int<4>>},1>>>)\l"];
1127[shape=box,label="[B1127]\l0: ref.assign(v89, ...)\l"];
1129[shape=box,label="[B1129]\l0: ref.var(...)\l"];
1130[shape=box,label="[B1130]\l0: vector.to.array([struct{type:=0, pos:=[CAST<real<8>>(0), CAST<real<8>>(0)], mult:=0.01, size:=0.02}, struct{type:=1, pos:=[CAST<real<8>>(1), CAST<real<8>>(0)], mult:=0.08, size:=0.02}, struct{type:=1, pos:=[(CAST<real<8>>(0)-0.5), 0.866025404], mult:=0.08, size:=0.02}, struct{type:=1, pos:=[(CAST<real<8>>(0)-0.5), (CAST<real<8>>(0)-0.866025404)], mult:=0.08, size:=0.02}])\l"];
1132[shape=box,label="[B1132]\l0: decl v89 = ...\l"];
1133[shape=box,label="[B1133]\l0: ref.var(...)\l"];
1135[shape=box,label="[B1135]\l0: undefined(type<ref<array<struct<type:int<4>,pos:vector<real<8>,2>,mult:real<8>,size:real<8>>,1>>>)\l"];
1136[shape=box,label="[B1136]\l0: decl v88 = ...\l"];
1137[shape=box,label="[B1137]\l0: ref.var(struct{numSources:=CAST<uint<4>>(4), x:=60, y:=60, scale:=800.0, dt:=0.01, friction:=0.01, height:=0.3, abortVelocity:=0.01, minSteps:=CAST<uint<4>>(400), maxSteps:=CAST<uint<8>>(100000)})\l"];
4->3 [label=""];
6->4 [label="0"];
7->6 [label="0"];
8->7 [label="0"];
9->8 [label=""];
11->9 [label="0"];
12->11 [label="0"];
13->12 [label="0"];
14->13 [label="0"];
15->14 [label="0"];
16->12 [label="1"];
2->15 [label=""];
2->16 [label=""];
17->2 [label=""];
3->18 [label=""];
18->1 [label=""];
20->17 [label="0"];
21->2 [label=""];
3->22 [label=""];
22->20 [label=""];
24->21 [label="0"];
27->26 [label=""];
29->27 [label="0"];
31->30 [label=""];
33->31 [label=""];
35->34 [label=""];
37->35 [label=""];
39->37 [label="0"];
40->39 [label="0"];
38->40 [label=""];
41->37 [label="1"];
38->41 [label=""];
42->37 [label="2"];
38->42 [label=""];
43->37 [label="3"];
38->43 [label=""];
34->38 [label="true"];
34->33 [label="false"];
45->34 [label="0"];
46->45 [label="0"];
47->46 [label=""];
48->47 [label=""];
50->48 [label="0"];
51->50 [label="1"];
52->51 [label=""];
53->52 [label=""];
55->53 [label="0"];
57->56 [label=""];
59->57 [label=""];
60->59 [label=""];
62->60 [label="0"];
63->62 [label="0"];
61->63 [label=""];
64->60 [label="1"];
61->64 [label=""];
65->60 [label="2"];
61->65 [label=""];
66->60 [label="3"];
61->66 [label=""];
67->61 [label=""];
71->70 [label=""];
73->71 [label=""];
75->73 [label="0"];
74->75 [label=""];
76->73 [label="1"];
77->76 [label="1"];
78->77 [label="0"];
79->78 [label="0"];
80->79 [label="0"];
81->80 [label="0"];
74->81 [label=""];
82->77 [label="1"];
74->82 [label=""];
84->74 [label="0"];
83->84 [label=""];
85->74 [label="1"];
86->85 [label="1"];
87->86 [label="0"];
88->87 [label="0"];
89->88 [label="0"];
90->89 [label="0"];
83->90 [label=""];
91->86 [label="1"];
83->91 [label=""];
93->83 [label="0"];
92->93 [label=""];
94->83 [label="1"];
95->94 [label="1"];
96->95 [label="0"];
97->96 [label="0"];
98->97 [label="0"];
99->98 [label="0"];
92->99 [label=""];
100->95 [label="1"];
92->100 [label=""];
101->92 [label=""];
103->101 [label="0"];
104->103 [label="1"];
105->104 [label="0"];
106->105 [label="0"];
107->106 [label="0"];
102->107 [label=""];
108->104 [label="1"];
109->108 [label="1"];
102->109 [label=""];
111->102 [label=""];
110->111 [label=""];
113->102 [label=""];
110->113 [label=""];
115->102 [label=""];
110->115 [label=""];
117->102 [label=""];
110->117 [label=""];
119->102 [label=""];
110->119 [label=""];
121->102 [label=""];
110->121 [label=""];
123->102 [label=""];
110->123 [label=""];
125->102 [label=""];
110->125 [label=""];
127->110 [label=""];
128->127 [label=""];
129->128 [label=""];
130->129 [label=""];
132->130 [label="0"];
69->132 [label=""];
133->69 [label=""];
70->134 [label=""];
134->67 [label="0"];
135->133 [label="0"];
136->135 [label="0"];
137->136 [label="0"];
138->137 [label="0"];
139->138 [label="0"];
68->139 [label=""];
140->137 [label="1"];
68->140 [label=""];
141->135 [label="1"];
68->141 [label=""];
142->133 [label="1"];
143->142 [label="0"];
144->143 [label="0"];
145->144 [label="0"];
146->145 [label="0"];
68->146 [label=""];
147->144 [label="1"];
68->147 [label=""];
148->142 [label="1"];
68->148 [label=""];
56->68 [label="true"];
56->55 [label="false"];
149->57 [label=""];
30->149 [label="true"];
30->29 [label="false"];
150->31 [label=""];
151->150 [label=""];
153->151 [label="0"];
154->153 [label="0"];
152->154 [label=""];
155->151 [label="1"];
152->155 [label=""];
156->151 [label="2"];
152->156 [label=""];
157->151 [label="3"];
152->157 [label=""];
159->152 [label="0"];
158->159 [label=""];
160->152 [label="1"];
158->160 [label=""];
162->158 [label="0"];
161->162 [label=""];
163->158 [label="1"];
161->163 [label=""];
165->161 [label="0"];
166->165 [label=""];
168->166 [label="0"];
169->168 [label=""];
171->169 [label="0"];
170->171 [label=""];
172->169 [label="1"];
170->172 [label=""];
174->170 [label="0"];
173->174 [label=""];
175->170 [label="1"];
173->175 [label=""];
177->173 [label="0"];
176->177 [label=""];
178->173 [label="1"];
176->178 [label=""];
180->176 [label="0"];
179->180 [label=""];
181->176 [label="1"];
179->181 [label=""];
183->179 [label="0"];
182->183 [label=""];
184->179 [label="1"];
182->184 [label=""];
186->182 [label="0"];
185->186 [label=""];
187->182 [label="1"];
185->187 [label=""];
189->185 [label="0"];
188->189 [label=""];
190->185 [label="1"];
188->190 [label=""];
191->188 [label=""];
193->191 [label="0"];
194->193 [label=""];
196->194 [label="0"];
197->196 [label="0"];
195->197 [label=""];
198->194 [label="1"];
195->198 [label=""];
199->194 [label="2"];
195->199 [label=""];
200->194 [label="3"];
195->200 [label=""];
202->195 [label="0"];
201->202 [label=""];
203->195 [label="1"];
201->203 [label=""];
205->201 [label="0"];
204->205 [label=""];
206->201 [label="1"];
204->206 [label=""];
208->204 [label="0"];
207->208 [label=""];
209->204 [label="1"];
210->209 [label="1"];
211->210 [label="0"];
212->211 [label="0"];
213->212 [label="0"];
207->213 [label=""];
214->210 [label="1"];
215->214 [label="0"];
216->215 [label="0"];
207->216 [label=""];
217->215 [label="1"];
218->217 [label="1"];
207->218 [label=""];
219->214 [label="1"];
220->219 [label="1"];
207->220 [label=""];
222->207 [label="0"];
221->222 [label=""];
223->207 [label="1"];
224->223 [label="1"];
225->224 [label="0"];
226->225 [label="0"];
221->226 [label=""];
227->225 [label="1"];
221->227 [label=""];
228->224 [label="1"];
221->228 [label=""];
229->221 [label=""];
231->229 [label="0"];
232->231 [label=""];
234->232 [label="0"];
235->234 [label="0"];
233->235 [label=""];
236->232 [label="1"];
233->236 [label=""];
237->232 [label="2"];
233->237 [label=""];
238->232 [label="3"];
233->238 [label=""];
239->233 [label=""];
242->26 [label=""];
243->242 [label=""];
245->243 [label="0"];
244->245 [label=""];
246->243 [label="1"];
244->246 [label=""];
241->244 [label="true"];
241->239 [label="false"];
248->241 [label="0"];
249->248 [label="0"];
250->249 [label="0"];
251->250 [label=""];
252->251 [label=""];
254->252 [label="0"];
255->254 [label="1"];
25->255 [label=""];
256->25 [label=""];
26->257 [label=""];
257->24 [label=""];
259->256 [label="0"];
258->259 [label=""];
260->256 [label="1"];
258->260 [label=""];
261->256 [label="2"];
258->261 [label=""];
262->256 [label="3"];
258->262 [label=""];
263->256 [label="4"];
258->263 [label=""];
267->266 [label=""];
269->267 [label=""];
270->269 [label=""];
272->270 [label="0"];
271->272 [label=""];
273->270 [label="1"];
271->273 [label=""];
275->274 [label=""];
277->275 [label=""];
279->277 [label=""];
281->279 [label="0"];
280->281 [label=""];
282->279 [label="1"];
280->282 [label=""];
278->280 [label="true"];
284->277 [label=""];
286->284 [label="0"];
285->286 [label=""];
287->284 [label="1"];
285->287 [label=""];
283->285 [label="true"];
289->277 [label="0"];
288->289 [label=""];
290->277 [label="1"];
288->290 [label=""];
283->288 [label="false"];
292->283 [label="0"];
293->292 [label="0"];
294->293 [label="0"];
295->294 [label="0"];
296->295 [label="0"];
291->296 [label=""];
297->294 [label="1"];
291->297 [label=""];
298->292 [label="1"];
291->298 [label=""];
278->291 [label="false"];
300->278 [label="0"];
301->300 [label="0"];
302->301 [label="0"];
303->302 [label="0"];
304->303 [label="0"];
299->304 [label=""];
305->302 [label="1"];
299->305 [label=""];
306->300 [label="1"];
299->306 [label=""];
307->278 [label="1"];
299->307 [label=""];
274->299 [label="true"];
274->271 [label="false"];
308->275 [label=""];
266->308 [label="true"];
266->265 [label="false"];
309->267 [label=""];
264->309 [label=""];
310->264 [label=""];
265->311 [label=""];
311->258 [label=""];
313->310 [label="0"];
312->313 [label=""];
314->310 [label="1"];
312->314 [label=""];
316->312 [label="0"];
315->316 [label=""];
317->312 [label="1"];
315->317 [label=""];
319->318 [label=""];
321->319 [label=""];
323->322 [label=""];
325->323 [label=""];
326->325 [label=""];
328->326 [label="1"];
329->328 [label="0"];
330->329 [label="0"];
331->330 [label="0"];
332->331 [label="0"];
333->332 [label="0"];
334->333 [label="0"];
335->334 [label="0"];
336->335 [label="0"];
327->336 [label=""];
337->334 [label="1"];
327->337 [label=""];
338->332 [label="1"];
327->338 [label=""];
339->329 [label="1"];
327->339 [label=""];
341->327 [label="1"];
342->341 [label="0"];
343->342 [label="0"];
344->343 [label="0"];
345->344 [label="0"];
346->345 [label="0"];
347->346 [label="0"];
348->347 [label="0"];
349->348 [label="0"];
340->349 [label=""];
350->347 [label="1"];
340->350 [label=""];
351->345 [label="1"];
340->351 [label=""];
352->342 [label="1"];
340->352 [label=""];
322->340 [label="true"];
322->321 [label="false"];
353->323 [label=""];
318->353 [label="true"];
318->315 [label="false"];
354->319 [label=""];
355->354 [label=""];
356->355 [label=""];
358->356 [label="0"];
359->358 [label=""];
360->359 [label=""];
362->360 [label="0"];
364->363 [label=""];
366->364 [label=""];
368->367 [label=""];
370->368 [label=""];
371->370 [label=""];
373->371 [label="0"];
374->373 [label="0"];
375->374 [label="0"];
376->375 [label="0"];
377->376 [label="0"];
372->377 [label=""];
378->375 [label="1"];
372->378 [label=""];
379->373 [label="1"];
372->379 [label=""];
380->371 [label="1"];
381->380 [label="1"];
382->381 [label="0"];
372->382 [label=""];
384->372 [label="0"];
385->384 [label="0"];
386->385 [label="0"];
387->386 [label="0"];
388->387 [label="0"];
383->388 [label=""];
389->386 [label="1"];
383->389 [label=""];
390->384 [label="1"];
383->390 [label=""];
391->372 [label="1"];
392->391 [label="0"];
383->392 [label=""];
393->383 [label=""];
397->396 [label=""];
399->398 [label=""];
402->401 [label=""];
404->402 [label="0"];
405->404 [label="1"];
403->405 [label=""];
406->402 [label="1"];
407->406 [label="0"];
408->407 [label="1"];
403->408 [label=""];
410->403 [label="0"];
411->410 [label="1"];
412->403 [label="1"];
413->412 [label="0"];
414->413 [label="1"];
400->411 [label=""];
400->414 [label=""];
415->400 [label=""];
401->416 [label=""];
416->399 [label=""];
420->419 [label=""];
422->420 [label="0"];
423->422 [label="1"];
421->423 [label=""];
424->420 [label="1"];
425->424 [label="0"];
426->425 [label="1"];
421->426 [label=""];
428->421 [label="0"];
429->428 [label="1"];
430->421 [label="1"];
431->430 [label="0"];
432->431 [label="1"];
418->429 [label=""];
418->432 [label=""];
433->418 [label=""];
419->434 [label=""];
434->415 [label=""];
436->433 [label=""];
438->436 [label="0"];
439->438 [label="1"];
437->439 [label=""];
440->436 [label="1"];
441->440 [label="0"];
442->441 [label="0"];
443->442 [label="1"];
437->443 [label=""];
444->440 [label="1"];
445->444 [label="1"];
446->445 [label="0"];
447->446 [label="0"];
448->447 [label="0"];
437->448 [label=""];
449->447 [label="1"];
450->449 [label="0"];
451->450 [label="1"];
437->451 [label=""];
452->446 [label="1"];
453->452 [label="0"];
437->453 [label=""];
454->452 [label="1"];
455->454 [label="0"];
456->455 [label="1"];
437->456 [label=""];
457->445 [label="1"];
458->457 [label="0"];
437->458 [label=""];
459->457 [label="1"];
460->459 [label="0"];
461->460 [label="1"];
437->461 [label=""];
463->437 [label="0"];
464->463 [label="1"];
462->464 [label=""];
465->437 [label="1"];
466->465 [label="0"];
467->466 [label="0"];
468->467 [label="1"];
462->468 [label=""];
469->465 [label="1"];
470->469 [label="1"];
471->470 [label="0"];
472->471 [label="0"];
473->472 [label="0"];
462->473 [label=""];
474->472 [label="1"];
475->474 [label="0"];
476->475 [label="1"];
462->476 [label=""];
477->471 [label="1"];
478->477 [label="0"];
462->478 [label=""];
479->477 [label="1"];
480->479 [label="0"];
481->480 [label="1"];
462->481 [label=""];
482->470 [label="1"];
483->482 [label="0"];
462->483 [label=""];
484->482 [label="1"];
485->484 [label="0"];
486->485 [label="1"];
462->486 [label=""];
488->462 [label="0"];
489->488 [label="1"];
487->489 [label=""];
490->462 [label="1"];
491->490 [label="0"];
492->491 [label="0"];
493->492 [label="1"];
487->493 [label=""];
494->490 [label="1"];
495->494 [label="0"];
496->495 [label="0"];
497->496 [label="1"];
487->497 [label=""];
499->487 [label="0"];
500->499 [label="1"];
498->500 [label=""];
501->487 [label="1"];
502->501 [label="0"];
503->502 [label="0"];
504->503 [label="1"];
498->504 [label=""];
505->501 [label="1"];
506->505 [label="0"];
507->506 [label="0"];
508->507 [label="1"];
498->508 [label=""];
510->509 [label=""];
512->396 [label=""];
511->512 [label="true"];
511->510 [label="false"];
514->511 [label="0"];
515->514 [label="0"];
516->515 [label="1"];
518->516 [label=""];
520->518 [label="0"];
521->520 [label="1"];
519->521 [label=""];
522->518 [label="1"];
523->522 [label="0"];
524->523 [label="0"];
525->524 [label="1"];
519->525 [label=""];
526->522 [label="1"];
527->526 [label="0"];
528->527 [label="0"];
529->528 [label="0"];
530->529 [label="0"];
519->530 [label=""];
531->526 [label="1"];
532->531 [label="0"];
533->532 [label="1"];
519->533 [label=""];
535->519 [label="0"];
536->535 [label="1"];
534->536 [label=""];
537->519 [label="1"];
538->537 [label="0"];
539->538 [label="0"];
540->539 [label="1"];
534->540 [label=""];
541->537 [label="1"];
542->541 [label="0"];
543->542 [label="0"];
544->543 [label="0"];
545->544 [label="0"];
534->545 [label=""];
546->541 [label="1"];
547->546 [label="0"];
548->547 [label="1"];
534->548 [label=""];
517->534 [label="true"];
550->516 [label="0"];
551->550 [label="1"];
549->551 [label=""];
552->516 [label="1"];
553->552 [label="0"];
554->553 [label="0"];
555->554 [label="1"];
549->555 [label=""];
556->552 [label="1"];
557->556 [label="0"];
558->557 [label="0"];
559->558 [label="0"];
560->559 [label="0"];
561->560 [label="0"];
549->561 [label=""];
562->557 [label="1"];
563->562 [label="0"];
564->563 [label="0"];
549->564 [label=""];
565->563 [label="1"];
549->565 [label=""];
566->562 [label="1"];
549->566 [label=""];
567->556 [label="1"];
568->567 [label="0"];
569->568 [label="1"];
549->569 [label=""];
571->549 [label="0"];
572->571 [label="1"];
570->572 [label=""];
573->549 [label="1"];
574->573 [label="0"];
575->574 [label="0"];
576->575 [label="1"];
570->576 [label=""];
577->573 [label="1"];
578->577 [label="0"];
579->578 [label="0"];
580->579 [label="0"];
581->580 [label="0"];
582->581 [label="0"];
570->582 [label=""];
583->578 [label="1"];
584->583 [label="0"];
585->584 [label="0"];
570->585 [label=""];
586->584 [label="1"];
570->586 [label=""];
587->583 [label="1"];
570->587 [label=""];
588->577 [label="1"];
589->588 [label="0"];
590->589 [label="1"];
570->590 [label=""];
591->570 [label=""];
593->591 [label="0"];
594->593 [label="0"];
595->594 [label="0"];
596->595 [label="0"];
597->596 [label="0"];
598->597 [label="0"];
599->598 [label="0"];
600->599 [label="1"];
592->600 [label=""];
601->597 [label="1"];
602->601 [label="0"];
603->602 [label="0"];
604->603 [label="0"];
605->604 [label="0"];
592->605 [label=""];
606->602 [label="1"];
592->606 [label=""];
607->596 [label="1"];
608->607 [label="0"];
609->608 [label="0"];
610->609 [label="1"];
592->610 [label=""];
611->607 [label="1"];
612->611 [label="0"];
613->612 [label="0"];
614->613 [label="0"];
615->614 [label="0"];
592->615 [label=""];
616->612 [label="1"];
592->616 [label=""];
617->595 [label="1"];
618->617 [label="0"];
619->618 [label="0"];
620->619 [label="0"];
621->620 [label="1"];
592->621 [label=""];
622->618 [label="1"];
623->622 [label="0"];
624->623 [label="0"];
625->624 [label="0"];
626->625 [label="0"];
592->626 [label=""];
627->623 [label="1"];
592->627 [label=""];
628->617 [label="1"];
629->628 [label="0"];
630->629 [label="0"];
631->630 [label="1"];
592->631 [label=""];
632->628 [label="1"];
633->632 [label="0"];
634->633 [label="0"];
635->634 [label="0"];
636->635 [label="0"];
592->636 [label=""];
637->633 [label="1"];
592->637 [label=""];
638->594 [label="1"];
592->638 [label=""];
517->592 [label="false"];
640->517 [label="0"];
641->640 [label="0"];
642->641 [label="0"];
643->642 [label="0"];
644->643 [label="0"];
639->644 [label=""];
645->517 [label="1"];
639->645 [label=""];
646->639 [label=""];
648->646 [label=""];
649->648 [label=""];
651->649 [label="0"];
652->651 [label="0"];
509->652 [label="true"];
509->498 [label="false"];
653->509 [label=""];
654->653 [label=""];
656->654 [label="0"];
657->656 [label="1"];
655->657 [label=""];
658->654 [label="1"];
655->658 [label=""];
660->655 [label="0"];
661->660 [label="1"];
659->661 [label=""];
662->655 [label="1"];
659->662 [label=""];
664->659 [label="0"];
665->664 [label="1"];
663->665 [label=""];
666->659 [label="1"];
667->666 [label="0"];
668->667 [label="0"];
669->668 [label="1"];
663->669 [label=""];
670->666 [label="1"];
671->670 [label="0"];
672->671 [label="0"];
673->672 [label="0"];
674->673 [label="1"];
663->674 [label=""];
675->670 [label="1"];
676->675 [label="0"];
663->676 [label=""];
677->675 [label="1"];
678->677 [label="0"];
679->678 [label="0"];
663->679 [label=""];
680->678 [label="1"];
681->680 [label="0"];
682->681 [label="1"];
663->682 [label=""];
683->677 [label="1"];
684->683 [label="0"];
663->684 [label=""];
685->683 [label="1"];
686->685 [label="0"];
687->686 [label="1"];
663->687 [label=""];
689->663 [label="0"];
690->689 [label="1"];
688->690 [label=""];
691->663 [label="1"];
692->691 [label="0"];
693->692 [label="0"];
694->693 [label="1"];
688->694 [label=""];
695->691 [label="1"];
696->695 [label="0"];
697->696 [label="0"];
698->697 [label="0"];
699->698 [label="1"];
688->699 [label=""];
700->695 [label="1"];
701->700 [label="0"];
688->701 [label=""];
702->700 [label="1"];
703->702 [label="0"];
704->703 [label="0"];
688->704 [label=""];
705->703 [label="1"];
706->705 [label="0"];
707->706 [label="1"];
688->707 [label=""];
708->702 [label="1"];
709->708 [label="0"];
688->709 [label=""];
710->708 [label="1"];
711->710 [label="0"];
712->711 [label="1"];
688->712 [label=""];
398->688 [label="true"];
398->397 [label="false"];
713->398 [label=""];
714->713 [label=""];
715->714 [label=""];
717->715 [label="0"];
718->717 [label=""];
719->718 [label=""];
721->719 [label=""];
722->721 [label=""];
724->722 [label=""];
725->724 [label=""];
727->725 [label=""];
728->727 [label=""];
730->728 [label=""];
731->730 [label=""];
395->731 [label=""];
733->395 [label=""];
396->734 [label=""];
734->393 [label="0"];
735->733 [label="0"];
394->735 [label=""];
736->733 [label="1"];
394->736 [label=""];
737->733 [label="2"];
394->737 [label=""];
738->733 [label="3"];
394->738 [label=""];
739->733 [label="4"];
394->739 [label=""];
740->733 [label="5"];
394->740 [label=""];
741->733 [label="6"];
394->741 [label=""];
742->733 [label="7"];
394->742 [label=""];
743->733 [label="8"];
394->743 [label=""];
744->733 [label="9"];
394->744 [label=""];
745->394 [label=""];
747->745 [label="0"];
748->747 [label="0"];
749->748 [label="0"];
750->749 [label="0"];
746->750 [label=""];
751->748 [label="1"];
752->751 [label="0"];
753->752 [label="0"];
746->753 [label=""];
754->752 [label="1"];
755->754 [label="1"];
756->755 [label="0"];
746->756 [label=""];
757->747 [label="1"];
746->757 [label=""];
758->746 [label=""];
760->758 [label="0"];
761->760 [label="0"];
762->761 [label="0"];
763->762 [label="0"];
759->763 [label=""];
764->761 [label="1"];
765->764 [label="0"];
766->765 [label="0"];
759->766 [label=""];
767->765 [label="1"];
768->767 [label="1"];
769->768 [label="0"];
759->769 [label=""];
770->760 [label="1"];
759->770 [label=""];
367->759 [label="true"];
367->366 [label="false"];
771->368 [label=""];
363->771 [label="true"];
363->362 [label="false"];
772->364 [label=""];
773->772 [label=""];
774->773 [label=""];
778->777 [label=""];
780->779 [label=""];
781->780 [label=""];
783->781 [label="0"];
784->783 [label="0"];
782->784 [label=""];
785->783 [label="1"];
782->785 [label=""];
786->781 [label="1"];
787->786 [label="0"];
788->787 [label="0"];
782->788 [label=""];
789->787 [label="1"];
790->789 [label="1"];
782->790 [label=""];
779->782 [label="true"];
779->778 [label="false"];
791->779 [label=""];
792->791 [label=""];
793->792 [label=""];
795->793 [label="0"];
796->795 [label="0"];
797->796 [label="1"];
798->797 [label="0"];
799->798 [label="0"];
794->799 [label=""];
800->798 [label="1"];
794->800 [label=""];
801->797 [label="1"];
794->801 [label=""];
802->794 [label=""];
804->802 [label="0"];
805->804 [label="0"];
806->805 [label="1"];
807->806 [label="0"];
808->807 [label="0"];
809->808 [label="0"];
810->808 [label="1"];
811->807 [label="1"];
812->806 [label="1"];
776->809 [label=""];
776->810 [label=""];
776->811 [label=""];
776->812 [label=""];
813->776 [label=""];
777->814 [label=""];
814->774 [label="0"];
815->813 [label="0"];
775->815 [label=""];
816->813 [label="1"];
775->816 [label=""];
817->775 [label=""];
819->776 [label=""];
777->820 [label=""];
820->817 [label="0"];
821->819 [label="0"];
818->821 [label=""];
822->819 [label="1"];
818->822 [label=""];
823->818 [label=""];
825->823 [label="0"];
826->825 [label="0"];
827->826 [label=""];
828->827 [label=""];
830->828 [label="0"];
831->830 [label="0"];
832->831 [label=""];
833->832 [label=""];
835->833 [label="0"];
836->835 [label="0"];
837->836 [label=""];
838->837 [label=""];
840->838 [label="0"];
841->840 [label="0"];
842->841 [label=""];
843->842 [label=""];
845->843 [label="0"];
846->845 [label="0"];
847->846 [label=""];
848->847 [label=""];
850->848 [label="0"];
851->850 [label="0"];
852->851 [label=""];
853->852 [label=""];
855->853 [label="0"];
856->855 [label="0"];
857->856 [label=""];
858->857 [label=""];
860->858 [label="0"];
861->860 [label="0"];
862->861 [label=""];
863->862 [label=""];
865->863 [label="0"];
866->865 [label="0"];
867->866 [label=""];
868->867 [label=""];
870->868 [label="0"];
871->870 [label="0"];
875->873 [label=""];
877->875 [label="0"];
878->877 [label="0"];
876->878 [label=""];
879->877 [label="1"];
880->879 [label="1"];
876->880 [label=""];
883->882 [label=""];
885->883 [label=""];
887->885 [label="0"];
886->887 [label=""];
888->885 [label="1"];
889->888 [label="0"];
886->889 [label=""];
891->886 [label="1"];
892->891 [label="0"];
890->892 [label=""];
893->891 [label="1"];
890->893 [label=""];
895->890 [label="0"];
894->895 [label=""];
896->890 [label="1"];
897->896 [label="0"];
894->897 [label=""];
899->894 [label="1"];
900->899 [label="0"];
898->900 [label=""];
901->899 [label="1"];
898->901 [label=""];
903->898 [label="0"];
904->903 [label="0"];
902->904 [label=""];
905->903 [label="1"];
902->905 [label=""];
906->898 [label="1"];
907->906 [label="0"];
902->907 [label=""];
909->902 [label="1"];
910->909 [label="0"];
908->910 [label=""];
911->909 [label="1"];
908->911 [label=""];
913->908 [label="0"];
914->913 [label="0"];
912->914 [label=""];
915->913 [label="1"];
912->915 [label=""];
916->908 [label="1"];
917->916 [label="0"];
912->917 [label=""];
919->912 [label="1"];
920->919 [label="0"];
918->920 [label=""];
921->919 [label="1"];
918->921 [label=""];
923->918 [label=""];
925->923 [label="0"];
922->925 [label="true"];
926->918 [label=""];
928->926 [label="0"];
922->928 [label="false"];
930->922 [label="0"];
931->930 [label="0"];
929->931 [label=""];
932->930 [label="1"];
929->932 [label=""];
933->929 [label=""];
935->933 [label="0"];
936->935 [label="1"];
937->936 [label=""];
938->937 [label=""];
940->938 [label="0"];
881->940 [label=""];
941->881 [label=""];
882->942 [label=""];
942->875 [label="1"];
943->941 [label="0"];
876->943 [label=""];
874->876 [label="true"];
874->873 [label="false"];
945->874 [label="0"];
946->945 [label="0"];
947->946 [label="0"];
948->947 [label="0"];
944->948 [label=""];
949->947 [label="1"];
944->949 [label=""];
951->944 [label="1"];
952->951 [label="0"];
953->952 [label=""];
955->953 [label="1"];
956->955 [label="0"];
957->956 [label="0"];
958->957 [label="0"];
954->958 [label=""];
959->957 [label="1"];
954->959 [label=""];
960->955 [label="1"];
954->960 [label=""];
873->954 [label="true"];
873->871 [label="false"];
962->873 [label="0"];
963->962 [label="0"];
961->963 [label=""];
964->873 [label="1"];
965->964 [label="0"];
961->965 [label=""];
966->961 [label=""];
968->966 [label=""];
970->968 [label="1"];
971->970 [label="0"];
972->971 [label="1"];
973->972 [label="0"];
974->973 [label="0"];
975->974 [label="0"];
969->975 [label=""];
976->972 [label="1"];
969->976 [label=""];
980->979 [label=""];
982->980 [label=""];
984->982 [label="0"];
983->984 [label=""];
985->982 [label="1"];
986->985 [label="1"];
987->986 [label="0"];
983->987 [label=""];
989->983 [label="1"];
990->989 [label="0"];
988->990 [label=""];
991->989 [label="1"];
988->991 [label=""];
993->988 [label="0"];
992->993 [label=""];
994->988 [label="1"];
995->994 [label="1"];
996->995 [label="0"];
992->996 [label=""];
998->992 [label="1"];
999->998 [label="0"];
997->999 [label=""];
1000->998 [label="1"];
997->1000 [label=""];
1002->997 [label="0"];
1001->1002 [label=""];
1003->997 [label="1"];
1004->1003 [label="0"];
1001->1004 [label=""];
1006->1001 [label="1"];
1007->1006 [label="0"];
1005->1007 [label=""];
1008->1006 [label="1"];
1005->1008 [label=""];
1010->1005 [label="0"];
1009->1010 [label=""];
1011->1005 [label="1"];
1012->1011 [label="0"];
1009->1012 [label=""];
1014->1009 [label="1"];
1015->1014 [label="0"];
1013->1015 [label=""];
1016->1014 [label="1"];
1013->1016 [label=""];
1018->1013 [label="0"];
1017->1018 [label=""];
1019->1013 [label="1"];
1020->1019 [label="0"];
1017->1020 [label=""];
1022->1017 [label="1"];
1023->1022 [label="0"];
1021->1023 [label=""];
1024->1022 [label="1"];
1021->1024 [label=""];
1026->1021 [label="0"];
1025->1026 [label=""];
1027->1021 [label="1"];
1028->1027 [label="0"];
1025->1028 [label=""];
1030->1025 [label="1"];
1031->1030 [label="0"];
1029->1031 [label=""];
1032->1030 [label="1"];
1029->1032 [label=""];
1034->1029 [label="0"];
1033->1034 [label=""];
1035->1029 [label="1"];
1036->1035 [label="0"];
1033->1036 [label=""];
1038->1033 [label="1"];
1039->1038 [label="0"];
1037->1039 [label=""];
1040->1038 [label="1"];
1037->1040 [label=""];
1042->1037 [label="0"];
1041->1042 [label=""];
1043->1037 [label="1"];
1044->1043 [label="0"];
1041->1044 [label=""];
1046->1041 [label="1"];
1047->1046 [label="0"];
1045->1047 [label=""];
1048->1046 [label="1"];
1045->1048 [label=""];
1050->1045 [label="0"];
1049->1050 [label=""];
1051->1045 [label="1"];
1052->1051 [label="0"];
1049->1052 [label=""];
1054->1049 [label="1"];
1055->1054 [label="0"];
1053->1055 [label=""];
1056->1054 [label="1"];
1053->1056 [label=""];
1058->1053 [label="0"];
1057->1058 [label=""];
1059->1053 [label="1"];
1060->1059 [label="1"];
1061->1060 [label="0"];
1057->1061 [label=""];
1062->1057 [label=""];
1064->1062 [label="0"];
1065->1064 [label="1"];
1066->1065 [label=""];
1067->1066 [label=""];
1069->1067 [label="0"];
978->1069 [label=""];
1070->978 [label=""];
979->1071 [label=""];
1071->969 [label="1"];
1072->1070 [label="0"];
1073->1072 [label=""];
1074->1073 [label=""];
1076->1074 [label="0"];
1077->1076 [label="0"];
1079->1078 [label=""];
1081->1079 [label="1"];
1082->1081 [label="0"];
1080->1082 [label=""];
1083->1081 [label="1"];
1080->1083 [label=""];
1078->1080 [label="true"];
1078->1077 [label="false"];
1085->1078 [label="0"];
1086->1085 [label="0"];
1087->1086 [label="0"];
1088->1087 [label="0"];
1084->1088 [label=""];
1089->1087 [label="1"];
1084->1089 [label=""];
1090->1084 [label=""];
1092->1090 [label="0"];
1093->1092 [label="0"];
1091->1093 [label=""];
1094->1092 [label="1"];
1091->1094 [label=""];
1096->1091 [label="0"];
1097->1096 [label=""];
1099->1097 [label="0"];
1098->1099 [label=""];
1100->1097 [label="1"];
1098->1100 [label=""];
1101->1097 [label="2"];
1102->1101 [label="2"];
1098->1102 [label=""];
1103->1097 [label="3"];
1098->1103 [label=""];
1105->1098 [label=""];
1107->1105 [label=""];
1109->1107 [label="0"];
1108->1109 [label=""];
1110->1107 [label="1"];
1108->1110 [label=""];
1104->1108 [label="true"];
1104->1098 [label="false"];
1112->1104 [label="0"];
1111->1112 [label=""];
1113->1104 [label="1"];
1111->1113 [label=""];
1115->1111 [label="1"];
1116->1115 [label="0"];
1117->1116 [label="0"];
1118->1117 [label="1"];
1114->1118 [label=""];
1119->1115 [label="1"];
1114->1119 [label=""];
1120->1114 [label=""];
1122->1120 [label="0"];
1123->1122 [label=""];
1124->1123 [label=""];
1126->1124 [label="0"];
872->1126 [label="true"];
1127->871 [label=""];
1129->1127 [label="1"];
1130->1129 [label="0"];
872->1130 [label="false"];
1132->872 [label=""];
1133->1132 [label=""];
1135->1133 [label="0"];
1136->1135 [label=""];
1137->1136 [label=""];
0->1137 [label=""];
}
