// --- Generated Inspire Code ---
#include <alloca.h>
#include <stddef.h>
#include <runtime.h>
#define bool int
#define true 1
#define false 0
#define null 0

// start code fragment :: Prototype for external function: printf ... type: ((ref<array<char,1>>,var_list)->int<4>) //
int printf(char*, ...);

// start code fragment :: Definition of main ... type: ((int<4>,ref<array<ref<array<char,1>>,1>>)->int<4>) //
int main(int argc, char** argv){
	int a = 666;
	int* ptr1 = (&a);
	int** ptr2 = (&ptr1);
	int* ptr3 = (((ptr2)[0]));
	((ptr1) = (&a));
	if(((!((ptr1)==0))&&(!((ptr1) == 0)))) { printf("CHECK!\n", 0); };
	if(((!(!((ptr1)==0)))||((ptr1) == 0))) { printf("DOES NOT CHECK\n", 0); };
	if((((((ptr1)[0]))==(a))||((((ptr1)[0]))==666))) { printf("WORKS!\n", 0); };
	if(((((((&ptr1)[0]))[0]))!=(a))) { printf("DOES NOT WORK!\n", 0); };
	if((((ptr1) == (((ptr2)[0])))&&((ptr3) == (ptr1)))) { printf("AWESOME\n", 0); };
	((((ptr1)[0])) = 0);
	if((((((ptr3)[0]))==0)&&((((((ptr2)[0]))[0]))==0))) { printf("SUPER AWESOME\n", 0); };
}
static int main_wrap(void* _closure, int argc, char** argv) { return main(argc, argv); }
