// -------------- Pretty Print Inspire --------------
// Inspire Program 
//  Entry Point: 
fun(int<4> v1, ref<array<array<char,1>,1>> v2){
        decl ref<char> v3 =  var('a');
        decl ref<vector<char,6>> v4 =  var(['H', 'a', 'l', 'l', 'o', ...]);
        decl ref<vector<vector<char,2>,3>> v5 =  var([['X', '\0'], ['Y', '\0'], ['Z', '\0']]);
        decl ref<vector<vector<vector<char,2>,3>,5>> v6 =  var(undefined(type<vector<vector<vector<char,2>,3>,5>>));
        decl ref<array<char,1>> v7 = ref.vector.to.ref.array(v4);
        decl ref<array<array<char,1>,1>> v8 =  var(get.null(type<array<char,1>>));
        decl ref<array<array<array<char,1>,1>,1>> v9 =  var(get.null(type<array<array<char,1>,1>>));
        decl ref<array<vector<char,3>,1>> v10 =  var(undefined(type<array<vector<char,3>,1>>));
        decl ref<array<array<vector<vector<char,2>,3>,1>,1>> v11 =  var(undefined(type<array<array<vector<vector<char,2>,3>,1>,1>>));
        decl ref<array<array<array<vector<vector<vector<char,1>,2>,3>,1>,1>,1>> v12 =  var(undefined(type<array<array<array<vector<vector<vector<char,1>,2>,3>,1>,1>,1>>));
        decl ref<array<array<array<vector<char,3>,1>,1>,1>> v13 =  var(undefined(type<array<array<array<vector<char,3>,1>,1>,1>>));
        decl ref<array<vector<vector<vector<char,1>,2>,3>,1>> v14 =  var(undefined(type<array<vector<vector<vector<char,1>,2>,3>,1>>));
        decl ref<vector<array<char,1>,3>> v15 =  var(undefined(type<vector<array<char,1>,3>>));
        decl ref<vector<vector<array<array<char,1>,1>,3>,2>> v16 =  var(undefined(type<vector<vector<array<array<char,1>,1>,3>,2>>));
        decl ref<vector<vector<vector<array<array<array<char,1>,1>,1>,3>,2>,1>> v17 =  var(undefined(type<vector<vector<vector<array<array<array<char,1>,1>,1>,3>,2>,1>>));
        decl ref<struct<s1:char,s2:array<char,1>,s3:vector<char,5>,s4:vector<vector<char,3>,5>,s5:array<char,1>,s6:array<array<char,1>,1>,s7:array<vector<char,4>,1>,s8:array<vector<vector<char,3>,4>,1>,s9:array<array<vector<char,4>,1>,1>,s10:array<array<vector<vector<char,3>,4>,1>,1>>> v18 =  var(undefined(type<struct<s1:char,s2:array<char,1>,s3:vector<char,5>,s4:vector<vector<char,3>,5>,s5:array<char,1>,s6:array<array<char,1>,1>,s7:array<vector<char,4>,1>,s8:array<vector<vector<char,3>,4>,1>,s9:array<array<vector<char,4>,1>,1>,s10:array<array<vector<vector<char,3>,4>,1>,1>>>));
        composite.ref.elem(v18, s1, type<char>) := '#';
        printf(string.as.char.pointer("size of b1 %d\n"), varlist.pack((6*sizeof(type<char>))));
        printf(string.as.char.pointer("size of b2 %d\n"), varlist.pack((3*2*sizeof(type<char>))));
        printf(string.as.char.pointer("size of b3 %d\n"), varlist.pack((5*3*2*sizeof(type<char>))));
        printf(string.as.char.pointer("Letter Array:   %c\n"), varlist.pack((fun(char v19, ref<array<char,1>> v20, ref<array<vector<char,2>,1>> v21, ref<array<vector<vector<char,2>,3>,1>> v22){
            return array.ref.elem.1D(v20, 3);
        }(v3, ref.vector.to.ref.array(v4), ref.vector.to.ref.array(v5), ref.vector.to.ref.array(v6)))));
        printf(string.as.char.pointer("Letter Pointer: %c\n"), varlist.pack((fun(char v24, ref<array<char,1>> v25, ref<array<array<char,1>,1>> v26, ref<array<array<array<char,1>,1>,1>> v27){
            return array.ref.elem.1D(v25, 3);
        }(v3, v7, v8, v9))));
        printf(string.as.char.pointer("Letter Struct:  %c\n"), varlist.pack((fun(struct<s1:char,s2:array<char,1>,s3:vector<char,5>,s4:vector<vector<char,3>,5>,s5:array<char,1>,s6:array<array<char,1>,1>,s7:array<vector<char,4>,1>,s8:array<vector<vector<char,3>,4>,1>,s9:array<array<vector<char,4>,1>,1>,s10:array<array<vector<vector<char,3>,4>,1>,1>> v29){
            return v29.s1;
        }(v18))));
        decl ref<vector<array<char,1>,5>> v31 =  var([vector.to.array(['T', 'h', 'i', 's', '\0']), vector.to.array(['i', 's', '\0']), vector.to.array(['a', '\0']), vector.to.array(['l', 'i', 't', 't', 'l', ...]), vector.to.array(['t', 'e', 's', 't', '\0'])]);
        printf(string.as.char.pointer("String:  %s\n"), varlist.pack((vector.ref.elem(v31, 0))));
        printf(string.as.char.pointer("String:  %s\n"), varlist.pack((vector.ref.elem(v31, 1))));
        printf(string.as.char.pointer("String:  %s\n"), varlist.pack((vector.ref.elem(v31, 2))));
        printf(string.as.char.pointer("String:  %s\n"), varlist.pack((vector.ref.elem(v31, 3))));
        printf(string.as.char.pointer("String:  %s\n"), varlist.pack((vector.ref.elem(v31, 4))));
        return 0;
    }




// --------- Pretty Print Inspire - Detail ----------
// Inspire Program 
//  Entry Point: 
fun(int<4> v1, ref<array<array<char,1>,1>> v2){
        decl ref<char> v3 = ( var('a'));
        decl ref<vector<char,6>> v4 = ( var(['H', 'a', 'l', 'l', 'o', ...]));
        decl ref<vector<vector<char,2>,3>> v5 = ( var([['X', '\0'], ['Y', '\0'], ['Z', '\0']]));
        decl ref<vector<vector<vector<char,2>,3>,5>> v6 = ( var(undefined(type<vector<vector<vector<char,2>,3>,5>>)));
        decl ref<array<char,1>> v7 = ref.vector.to.ref.array(v4);
        decl ref<array<array<char,1>,1>> v8 = ( var(get.null(type<array<char,1>>)));
        decl ref<array<array<array<char,1>,1>,1>> v9 = ( var(get.null(type<array<array<char,1>,1>>)));
        decl ref<array<vector<char,3>,1>> v10 = ( var(undefined(type<array<vector<char,3>,1>>)));
        decl ref<array<array<vector<vector<char,2>,3>,1>,1>> v11 = ( var(undefined(type<array<array<vector<vector<char,2>,3>,1>,1>>)));
        decl ref<array<array<array<vector<vector<vector<char,1>,2>,3>,1>,1>,1>> v12 = ( var(undefined(type<array<array<array<vector<vector<vector<char,1>,2>,3>,1>,1>,1>>)));
        decl ref<array<array<array<vector<char,3>,1>,1>,1>> v13 = ( var(undefined(type<array<array<array<vector<char,3>,1>,1>,1>>)));
        decl ref<array<vector<vector<vector<char,1>,2>,3>,1>> v14 = ( var(undefined(type<array<vector<vector<vector<char,1>,2>,3>,1>>)));
        decl ref<vector<array<char,1>,3>> v15 = ( var(undefined(type<vector<array<char,1>,3>>)));
        decl ref<vector<vector<array<array<char,1>,1>,3>,2>> v16 = ( var(undefined(type<vector<vector<array<array<char,1>,1>,3>,2>>)));
        decl ref<vector<vector<vector<array<array<array<char,1>,1>,1>,3>,2>,1>> v17 = ( var(undefined(type<vector<vector<vector<array<array<array<char,1>,1>,1>,3>,2>,1>>)));
        decl ref<struct<s1:char,s2:array<char,1>,s3:vector<char,5>,s4:vector<vector<char,3>,5>,s5:array<char,1>,s6:array<array<char,1>,1>,s7:array<vector<char,4>,1>,s8:array<vector<vector<char,3>,4>,1>,s9:array<array<vector<char,4>,1>,1>,s10:array<array<vector<vector<char,3>,4>,1>,1>>> v18 = ( var(undefined(type<struct<s1:char,s2:array<char,1>,s3:vector<char,5>,s4:vector<vector<char,3>,5>,s5:array<char,1>,s6:array<array<char,1>,1>,s7:array<vector<char,4>,1>,s8:array<vector<vector<char,3>,4>,1>,s9:array<array<vector<char,4>,1>,1>,s10:array<array<vector<vector<char,3>,4>,1>,1>>>)));
        (composite.ref.elem(v18, s1, type<char>) := '#');
        printf(string.as.char.pointer("size of b1 %d\n"), varlist.pack(((6*sizeof(type<char>)))));
        printf(string.as.char.pointer("size of b2 %d\n"), varlist.pack(((3*(2*sizeof(type<char>))))));
        printf(string.as.char.pointer("size of b3 %d\n"), varlist.pack(((5*(3*(2*sizeof(type<char>)))))));
        printf(string.as.char.pointer("Letter Array:   %c\n"), varlist.pack((CAST<int<4>>(fun(char v19, ref<array<char,1>> v20, ref<array<vector<char,2>,1>> v21, ref<array<vector<vector<char,2>,3>,1>> v22){
            return ( *array.ref.elem.1D(v20, CAST<uint<4>>(3)));
        }(( *v3), ref.vector.to.ref.array(v4), ref.vector.to.ref.array(v5), ref.vector.to.ref.array(v6))))));
        printf(string.as.char.pointer("Letter Pointer: %c\n"), varlist.pack((CAST<int<4>>(fun(char v24, ref<array<char,1>> v25, ref<array<array<char,1>,1>> v26, ref<array<array<array<char,1>,1>,1>> v27){
            return ( *array.ref.elem.1D(v25, CAST<uint<4>>(3)));
        }(( *v3), v7, v8, v9)))));
        printf(string.as.char.pointer("Letter Struct:  %c\n"), varlist.pack((CAST<int<4>>(fun(struct<s1:char,s2:array<char,1>,s3:vector<char,5>,s4:vector<vector<char,3>,5>,s5:array<char,1>,s6:array<array<char,1>,1>,s7:array<vector<char,4>,1>,s8:array<vector<vector<char,3>,4>,1>,s9:array<array<vector<char,4>,1>,1>,s10:array<array<vector<vector<char,3>,4>,1>,1>> v29){
            return v29.s1;
        }(( *v18))))));
        decl ref<vector<array<char,1>,5>> v31 = ( var([vector.to.array(['T', 'h', 'i', 's', '\0']), vector.to.array(['i', 's', '\0']), vector.to.array(['a', '\0']), vector.to.array(['l', 'i', 't', 't', 'l', ...]), vector.to.array(['t', 'e', 's', 't', '\0'])]));
        printf(string.as.char.pointer("String:  %s\n"), varlist.pack((vector.ref.elem(v31, CAST<uint<4>>(0)))));
        printf(string.as.char.pointer("String:  %s\n"), varlist.pack((vector.ref.elem(v31, CAST<uint<4>>(1)))));
        printf(string.as.char.pointer("String:  %s\n"), varlist.pack((vector.ref.elem(v31, CAST<uint<4>>(2)))));
        printf(string.as.char.pointer("String:  %s\n"), varlist.pack((vector.ref.elem(v31, CAST<uint<4>>(3)))));
        printf(string.as.char.pointer("String:  %s\n"), varlist.pack((vector.ref.elem(v31, CAST<uint<4>>(4)))));
        return 0;
    }

