// -------------- Pretty Print Inspire --------------
// Inspire Program 
//  Entry Point: 
fun(int<4> v3, ref<array<array<char,1>,1>> v4){
        {
            printf(string.as.char.pointer("Hallo Insieme, \n\t\"the number %d in compilers!\""), varlist.pack((1)));
        };
        fun(anyRef v1){ }(ref.to.anyref( var(get.null(type<int<4>>))));
        return 0;
    }




// --------- Pretty Print Inspire - Detail ----------
// Inspire Program 
//  Entry Point: 
fun(int<4> v3, ref<array<array<char,1>,1>> v4){
        <m id=1>{
            printf(string.as.char.pointer("Hallo Insieme, \n\t\"the number %d in compilers!\""), varlist.pack((1)));
        }</m>;
        fun(anyRef v1){ }(ref.to.anyref(( var(get.null(type<int<4>>)))));
        return 0;
    }

