// --- Generated Inspire Code ---
#include <stddef.h>
#define bool int
#define true 1
#define false 0
// --- Entry Point ---

// start code fragment :: Prototype for external function: printf //
int printf(char*, ...);

// start code fragment :: Definition of main //
int main(int argc, char** argv) {
	{
		{
			printf("Hallo Insieme, \n\t\"the number %d in compilers!\"", 1);
		};return 0;;
		
	}
}

