digraph G {
0[shape=diamond,label="ENTRY"];
1[shape=diamond,label="EXIT"];
2[shape=box,label="[B2]\l0: 0\lT: RETURN\l"];
3[shape=box,label="[B3]\l0: printf(..., ...)\l"];
4[shape=box,label="[B4]\l"];
5[shape=box,label="[B5]\l0: string.as.char.pointer(\"Hallo Insieme, \n\t\\"the number %d in compilers!\\"\n\")\l"];
6[shape=box,label="[B6]\l0: varlist.pack((1))\l"];
2->1 [label=""];
3->2 [label=""];
5->3 [label="0"];
4->5 [label=""];
6->3 [label="1"];
4->6 [label=""];
0->4 [label=""];
}
