digraph G {
0[shape=diamond,label="ENTRY"];
1[shape=diamond,label="EXIT"];
2[shape=box,label="[B2]\l0: 0\lT: RETURN\l"];
3[shape=diamond,label="ENTRY"];
5[shape=box,label="CALL"];
6[shape=box,label="RET"];
8[shape=box,label="[B8]\l0: ref.to.anyref(...)\l"];
9[shape=box,label="[B9]\l0: ref.var(...)\l"];
10[shape=box,label="[B10]\l0: get.null(type<int<4>>)\l"];
11[shape=box,label="[B11]\l0: printf(..., ...)\l"];
12[shape=box,label="[B12]\l"];
13[shape=box,label="[B13]\l0: string.as.char.pointer(\"Hallo Insieme, \n\t\\"the number %d in compilers!\\"\")\l"];
14[shape=box,label="[B14]\l0: varlist.pack((1))\l"];
2->1 [label=""];
5->3 [label=""];
5->6 [label=""];
6->2 [label=""];
8->5 [label="0"];
9->8 [label="0"];
10->9 [label="0"];
11->10 [label=""];
13->11 [label="0"];
12->13 [label=""];
14->11 [label="1"];
12->14 [label=""];
0->12 [label=""];
}
